D:/Lumi/ROBI_BEVA/Library/IOT-Programming-with-ROBI-main/SDK_ROBI_STM32F0_1.0.0/shared/Middle/ucglib/ucg_polygon.c:51:16:pge_Next	16	static
D:/Lumi/ROBI_BEVA/Library/IOT-Programming-with-ROBI-main/SDK_ROBI_STM32F0_1.0.0/shared/Middle/ucglib/ucg_polygon.c:69:13:pge_Init	40	static
D:/Lumi/ROBI_BEVA/Library/IOT-Programming-with-ROBI-main/SDK_ROBI_STM32F0_1.0.0/shared/Middle/ucglib/ucg_polygon.c:99:16:pg_inc	16	static
D:/Lumi/ROBI_BEVA/Library/IOT-Programming-with-ROBI-main/SDK_ROBI_STM32F0_1.0.0/shared/Middle/ucglib/ucg_polygon.c:107:16:pg_dec	16	static
D:/Lumi/ROBI_BEVA/Library/IOT-Programming-with-ROBI-main/SDK_ROBI_STM32F0_1.0.0/shared/Middle/ucglib/ucg_polygon.c:115:13:pg_expand_min_y	32	static
D:/Lumi/ROBI_BEVA/Library/IOT-Programming-with-ROBI-main/SDK_ROBI_STM32F0_1.0.0/shared/Middle/ucglib/ucg_polygon.c:127:16:pg_prepare	32	static
D:/Lumi/ROBI_BEVA/Library/IOT-Programming-with-ROBI-main/SDK_ROBI_STM32F0_1.0.0/shared/Middle/ucglib/ucg_polygon.c:183:13:pg_hline	32	static
D:/Lumi/ROBI_BEVA/Library/IOT-Programming-with-ROBI-main/SDK_ROBI_STM32F0_1.0.0/shared/Middle/ucglib/ucg_polygon.c:220:13:pg_line_init	56	static
D:/Lumi/ROBI_BEVA/Library/IOT-Programming-with-ROBI-main/SDK_ROBI_STM32F0_1.0.0/shared/Middle/ucglib/ucg_polygon.c:240:13:pg_exec	24	static
D:/Lumi/ROBI_BEVA/Library/IOT-Programming-with-ROBI-main/SDK_ROBI_STM32F0_1.0.0/shared/Middle/ucglib/ucg_polygon.c:272:6:pg_ClearPolygonXY	16	static
D:/Lumi/ROBI_BEVA/Library/IOT-Programming-with-ROBI-main/SDK_ROBI_STM32F0_1.0.0/shared/Middle/ucglib/ucg_polygon.c:277:6:pg_AddPolygonXY	24	static
D:/Lumi/ROBI_BEVA/Library/IOT-Programming-with-ROBI-main/SDK_ROBI_STM32F0_1.0.0/shared/Middle/ucglib/ucg_polygon.c:287:6:pg_DrawPolygon	16	static
D:/Lumi/ROBI_BEVA/Library/IOT-Programming-with-ROBI-main/SDK_ROBI_STM32F0_1.0.0/shared/Middle/ucglib/ucg_polygon.c:296:6:ucg_ClearPolygonXY	8	static
D:/Lumi/ROBI_BEVA/Library/IOT-Programming-with-ROBI-main/SDK_ROBI_STM32F0_1.0.0/shared/Middle/ucglib/ucg_polygon.c:301:6:ucg_AddPolygonXY	24	static
D:/Lumi/ROBI_BEVA/Library/IOT-Programming-with-ROBI-main/SDK_ROBI_STM32F0_1.0.0/shared/Middle/ucglib/ucg_polygon.c:306:6:ucg_DrawPolygon	16	static
D:/Lumi/ROBI_BEVA/Library/IOT-Programming-with-ROBI-main/SDK_ROBI_STM32F0_1.0.0/shared/Middle/ucglib/ucg_polygon.c:311:6:ucg_DrawTriangle	32	static
D:/Lumi/ROBI_BEVA/Library/IOT-Programming-with-ROBI-main/SDK_ROBI_STM32F0_1.0.0/shared/Middle/ucglib/ucg_polygon.c:320:6:ucg_DrawTetragon	32	static
