D:/Lumi/ROBI_BEVA/ROBI_BEVA_STM32_18_09_2023/SDK_ROBI_STM32F0_1.0.0/shared/Middle/lcd/lcd.c:52:6:LCD_WR_REG	16	static
D:/Lumi/ROBI_BEVA/ROBI_BEVA_STM32_18_09_2023/SDK_ROBI_STM32F0_1.0.0/shared/Middle/lcd/lcd.c:66:6:LCD_WR_DATA	16	static
D:/Lumi/ROBI_BEVA/ROBI_BEVA_STM32_18_09_2023/SDK_ROBI_STM32F0_1.0.0/shared/Middle/lcd/lcd.c:81:6:LCD_WriteReg	16	static
D:/Lumi/ROBI_BEVA/ROBI_BEVA_STM32_18_09_2023/SDK_ROBI_STM32F0_1.0.0/shared/Middle/lcd/lcd.c:93:6:LCD_WriteRAM_Prepare	8	static
D:/Lumi/ROBI_BEVA/ROBI_BEVA_STM32_18_09_2023/SDK_ROBI_STM32F0_1.0.0/shared/Middle/lcd/lcd.c:104:6:Lcd_WriteData_16Bit	16	static
D:/Lumi/ROBI_BEVA/ROBI_BEVA_STM32_18_09_2023/SDK_ROBI_STM32F0_1.0.0/shared/Middle/lcd/lcd.c:119:6:LCD_SetColorPoint	16	static
D:/Lumi/ROBI_BEVA/ROBI_BEVA_STM32_18_09_2023/SDK_ROBI_STM32F0_1.0.0/shared/Middle/lcd/lcd.c:131:6:LCD_DrawPoint	16	static
D:/Lumi/ROBI_BEVA/ROBI_BEVA_STM32_18_09_2023/SDK_ROBI_STM32F0_1.0.0/shared/Middle/lcd/lcd.c:143:6:LCD_Clear	24	static
D:/Lumi/ROBI_BEVA/ROBI_BEVA_STM32_18_09_2023/SDK_ROBI_STM32F0_1.0.0/shared/Middle/lcd/lcd.c:169:6:LCD_ClearCursor	40	static
D:/Lumi/ROBI_BEVA/ROBI_BEVA_STM32_18_09_2023/SDK_ROBI_STM32F0_1.0.0/shared/Middle/lcd/lcd.c:196:6:LCD_RESET	8	static
D:/Lumi/ROBI_BEVA/ROBI_BEVA_STM32_18_09_2023/SDK_ROBI_STM32F0_1.0.0/shared/Middle/lcd/lcd.c:210:6:LCD_Init	8	static
D:/Lumi/ROBI_BEVA/ROBI_BEVA_STM32_18_09_2023/SDK_ROBI_STM32F0_1.0.0/shared/Middle/lcd/lcd.c:324:6:LCD_SetWindows	24	static
D:/Lumi/ROBI_BEVA/ROBI_BEVA_STM32_18_09_2023/SDK_ROBI_STM32F0_1.0.0/shared/Middle/lcd/lcd.c:349:6:LCD_SetCursor	24	static
D:/Lumi/ROBI_BEVA/ROBI_BEVA_STM32_18_09_2023/SDK_ROBI_STM32F0_1.0.0/shared/Middle/lcd/lcd.c:363:6:LCD_direction	16	static
D:/Lumi/ROBI_BEVA/ROBI_BEVA_STM32_18_09_2023/SDK_ROBI_STM32F0_1.0.0/shared/Middle/lcd/lcd.c:401:13:LCDGPIO_Config	16	static
D:/Lumi/ROBI_BEVA/ROBI_BEVA_STM32_18_09_2023/SDK_ROBI_STM32F0_1.0.0/shared/Middle/lcd/lcd.c:423:13:LCDSPI_Config	40	static
D:/Lumi/ROBI_BEVA/ROBI_BEVA_STM32_18_09_2023/SDK_ROBI_STM32F0_1.0.0/shared/Middle/lcd/lcd.c:489:16:LCDSPI_WriteByte	16	static
