D:/Lumi/ROBI_BEVA/ROBI_BEVA_STM32_18_09_2023/SDK_ROBI_STM32F0_1.0.0/shared/Middle/sensor/optical_sensor.c:56:1:OpticalSensor_Init	104	static
D:/Lumi/ROBI_BEVA/ROBI_BEVA_STM32_18_09_2023/SDK_ROBI_STM32F0_1.0.0/shared/Middle/sensor/optical_sensor.c:148:1:OpticalSensor_MeasureUseDMAMode	16	static
D:/Lumi/ROBI_BEVA/ROBI_BEVA_STM32_18_09_2023/SDK_ROBI_STM32F0_1.0.0/shared/Middle/sensor/optical_sensor.c:163:1:OpticalSensor_MeasureUsePollingMode	32	static
D:/Lumi/ROBI_BEVA/ROBI_BEVA_STM32_18_09_2023/SDK_ROBI_STM32F0_1.0.0/shared/Middle/sensor/optical_sensor.c:217:1:OpticalSensor_SendPacketRespond	32	static
D:/Lumi/ROBI_BEVA/ROBI_BEVA_STM32_18_09_2023/SDK_ROBI_STM32F0_1.0.0/shared/Middle/sensor/optical_sensor.c:239:6:SamplingWhite	48	static
D:/Lumi/ROBI_BEVA/ROBI_BEVA_STM32_18_09_2023/SDK_ROBI_STM32F0_1.0.0/shared/Middle/sensor/optical_sensor.c:261:6:SamplingBlack	48	static
D:/Lumi/ROBI_BEVA/ROBI_BEVA_STM32_18_09_2023/SDK_ROBI_STM32F0_1.0.0/shared/Middle/sensor/optical_sensor.c:283:6:Calculate_AdcThreshold	16	static
