D:/Lumi/ROBI_BEVA/ROBI_BEVA_STM32_18_09_2023/SDK_ROBI_STM32F0_1.0.0/shared/Drivers/STM32F0xx_StdPeriph_Driver/src/stm32f0xx_dma.c:130:6:DMA_DeInit	16	static
D:/Lumi/ROBI_BEVA/ROBI_BEVA_STM32_18_09_2023/SDK_ROBI_STM32F0_1.0.0/shared/Drivers/STM32F0xx_StdPeriph_Driver/src/stm32f0xx_dma.c:226:6:DMA_Init	24	static
D:/Lumi/ROBI_BEVA/ROBI_BEVA_STM32_18_09_2023/SDK_ROBI_STM32F0_1.0.0/shared/Drivers/STM32F0xx_StdPeriph_Driver/src/stm32f0xx_dma.c:285:6:DMA_StructInit	16	static
D:/Lumi/ROBI_BEVA/ROBI_BEVA_STM32_18_09_2023/SDK_ROBI_STM32F0_1.0.0/shared/Drivers/STM32F0xx_StdPeriph_Driver/src/stm32f0xx_dma.c:322:6:DMA_Cmd	16	static
D:/Lumi/ROBI_BEVA/ROBI_BEVA_STM32_18_09_2023/SDK_ROBI_STM32F0_1.0.0/shared/Drivers/STM32F0xx_StdPeriph_Driver/src/stm32f0xx_dma.c:348:6:DMA_RemapConfig	16	static
D:/Lumi/ROBI_BEVA/ROBI_BEVA_STM32_18_09_2023/SDK_ROBI_STM32F0_1.0.0/shared/Drivers/STM32F0xx_StdPeriph_Driver/src/stm32f0xx_dma.c:408:6:DMA_SetCurrDataCounter	16	static
D:/Lumi/ROBI_BEVA/ROBI_BEVA_STM32_18_09_2023/SDK_ROBI_STM32F0_1.0.0/shared/Drivers/STM32F0xx_StdPeriph_Driver/src/stm32f0xx_dma.c:428:10:DMA_GetCurrDataCounter	16	static
D:/Lumi/ROBI_BEVA/ROBI_BEVA_STM32_18_09_2023/SDK_ROBI_STM32F0_1.0.0/shared/Drivers/STM32F0xx_StdPeriph_Driver/src/stm32f0xx_dma.c:505:6:DMA_ITConfig	24	static
D:/Lumi/ROBI_BEVA/ROBI_BEVA_STM32_18_09_2023/SDK_ROBI_STM32F0_1.0.0/shared/Drivers/STM32F0xx_StdPeriph_Driver/src/stm32f0xx_dma.c:583:12:DMA_GetFlagStatus	24	static
D:/Lumi/ROBI_BEVA/ROBI_BEVA_STM32_18_09_2023/SDK_ROBI_STM32F0_1.0.0/shared/Drivers/STM32F0xx_StdPeriph_Driver/src/stm32f0xx_dma.c:678:6:DMA_ClearFlag	16	static
D:/Lumi/ROBI_BEVA/ROBI_BEVA_STM32_18_09_2023/SDK_ROBI_STM32F0_1.0.0/shared/Drivers/STM32F0xx_StdPeriph_Driver/src/stm32f0xx_dma.c:755:10:DMA_GetITStatus	24	static
D:/Lumi/ROBI_BEVA/ROBI_BEVA_STM32_18_09_2023/SDK_ROBI_STM32F0_1.0.0/shared/Drivers/STM32F0xx_StdPeriph_Driver/src/stm32f0xx_dma.c:850:6:DMA_ClearITPendingBit	16	static
