D:/Lumi/ROBI_BEVA/ROBI_BEVA_STM32_18_09_2023/SDK_ROBI_STM32F0_1.0.0/shared/Drivers/STM32F0xx_StdPeriph_Driver/src/stm32f0xx_exti.c:105:6:EXTI_DeInit	8	static
D:/Lumi/ROBI_BEVA/ROBI_BEVA_STM32_18_09_2023/SDK_ROBI_STM32F0_1.0.0/shared/Drivers/STM32F0xx_StdPeriph_Driver/src/stm32f0xx_exti.c:121:6:EXTI_Init	24	static
D:/Lumi/ROBI_BEVA/ROBI_BEVA_STM32_18_09_2023/SDK_ROBI_STM32F0_1.0.0/shared/Drivers/STM32F0xx_StdPeriph_Driver/src/stm32f0xx_exti.c:177:6:EXTI_StructInit	16	static
D:/Lumi/ROBI_BEVA/ROBI_BEVA_STM32_18_09_2023/SDK_ROBI_STM32F0_1.0.0/shared/Drivers/STM32F0xx_StdPeriph_Driver/src/stm32f0xx_exti.c:192:6:EXTI_GenerateSWInterrupt	16	static
D:/Lumi/ROBI_BEVA/ROBI_BEVA_STM32_18_09_2023/SDK_ROBI_STM32F0_1.0.0/shared/Drivers/STM32F0xx_StdPeriph_Driver/src/stm32f0xx_exti.c:222:12:EXTI_GetFlagStatus	24	static
D:/Lumi/ROBI_BEVA/ROBI_BEVA_STM32_18_09_2023/SDK_ROBI_STM32F0_1.0.0/shared/Drivers/STM32F0xx_StdPeriph_Driver/src/stm32f0xx_exti.c:245:6:EXTI_ClearFlag	16	static
D:/Lumi/ROBI_BEVA/ROBI_BEVA_STM32_18_09_2023/SDK_ROBI_STM32F0_1.0.0/shared/Drivers/STM32F0xx_StdPeriph_Driver/src/stm32f0xx_exti.c:259:10:EXTI_GetITStatus	24	static
D:/Lumi/ROBI_BEVA/ROBI_BEVA_STM32_18_09_2023/SDK_ROBI_STM32F0_1.0.0/shared/Drivers/STM32F0xx_StdPeriph_Driver/src/stm32f0xx_exti.c:283:6:EXTI_ClearITPendingBit	16	static
