Archive member included to satisfy reference by file (symbol)

c:/st/stm32cubeide_1.11.2/stm32cubeide/plugins/com.st.stm32cube.ide.mcu.externaltools.gnu-tools-for-stm32.10.3-2021.10.win32_1.0.100.202210260954/tools/bin/../lib/gcc/arm-none-eabi/10.3.1/../../../../arm-none-eabi/lib/thumb/v6-m/nofp\libc_nano.a(lib_a-errno.o)
                              ./Src/syscalls.o (__errno)
c:/st/stm32cubeide_1.11.2/stm32cubeide/plugins/com.st.stm32cube.ide.mcu.externaltools.gnu-tools-for-stm32.10.3-2021.10.win32_1.0.100.202210260954/tools/bin/../lib/gcc/arm-none-eabi/10.3.1/../../../../arm-none-eabi/lib/thumb/v6-m/nofp\libc_nano.a(lib_a-exit.o)
                              c:/st/stm32cubeide_1.11.2/stm32cubeide/plugins/com.st.stm32cube.ide.mcu.externaltools.gnu-tools-for-stm32.10.3-2021.10.win32_1.0.100.202210260954/tools/bin/../lib/gcc/arm-none-eabi/10.3.1/../../../../arm-none-eabi/lib/thumb/v6-m/nofp/crt0.o (exit)
c:/st/stm32cubeide_1.11.2/stm32cubeide/plugins/com.st.stm32cube.ide.mcu.externaltools.gnu-tools-for-stm32.10.3-2021.10.win32_1.0.100.202210260954/tools/bin/../lib/gcc/arm-none-eabi/10.3.1/../../../../arm-none-eabi/lib/thumb/v6-m/nofp\libc_nano.a(lib_a-impure.o)
                              c:/st/stm32cubeide_1.11.2/stm32cubeide/plugins/com.st.stm32cube.ide.mcu.externaltools.gnu-tools-for-stm32.10.3-2021.10.win32_1.0.100.202210260954/tools/bin/../lib/gcc/arm-none-eabi/10.3.1/../../../../arm-none-eabi/lib/thumb/v6-m/nofp\libc_nano.a(lib_a-exit.o) (_global_impure_ptr)
c:/st/stm32cubeide_1.11.2/stm32cubeide/plugins/com.st.stm32cube.ide.mcu.externaltools.gnu-tools-for-stm32.10.3-2021.10.win32_1.0.100.202210260954/tools/bin/../lib/gcc/arm-none-eabi/10.3.1/../../../../arm-none-eabi/lib/thumb/v6-m/nofp\libc_nano.a(lib_a-init.o)
                              c:/st/stm32cubeide_1.11.2/stm32cubeide/plugins/com.st.stm32cube.ide.mcu.externaltools.gnu-tools-for-stm32.10.3-2021.10.win32_1.0.100.202210260954/tools/bin/../lib/gcc/arm-none-eabi/10.3.1/../../../../arm-none-eabi/lib/thumb/v6-m/nofp/crt0.o (__libc_init_array)
c:/st/stm32cubeide_1.11.2/stm32cubeide/plugins/com.st.stm32cube.ide.mcu.externaltools.gnu-tools-for-stm32.10.3-2021.10.win32_1.0.100.202210260954/tools/bin/../lib/gcc/arm-none-eabi/10.3.1/../../../../arm-none-eabi/lib/thumb/v6-m/nofp\libc_nano.a(lib_a-memset.o)
                              c:/st/stm32cubeide_1.11.2/stm32cubeide/plugins/com.st.stm32cube.ide.mcu.externaltools.gnu-tools-for-stm32.10.3-2021.10.win32_1.0.100.202210260954/tools/bin/../lib/gcc/arm-none-eabi/10.3.1/../../../../arm-none-eabi/lib/thumb/v6-m/nofp/crt0.o (memset)
c:/st/stm32cubeide_1.11.2/stm32cubeide/plugins/com.st.stm32cube.ide.mcu.externaltools.gnu-tools-for-stm32.10.3-2021.10.win32_1.0.100.202210260954/tools/bin/../lib/gcc/arm-none-eabi/10.3.1/../../../../arm-none-eabi/lib/thumb/v6-m/nofp\libc_nano.a(lib_a-strlen.o)
                              ./SDK_ROBI_STM32F0_1.0.0/shared/Middle/lcd/GUI.o (strlen)
c:/st/stm32cubeide_1.11.2/stm32cubeide/plugins/com.st.stm32cube.ide.mcu.externaltools.gnu-tools-for-stm32.10.3-2021.10.win32_1.0.100.202210260954/tools/bin/../lib/gcc/arm-none-eabi/10.3.1/../../../../arm-none-eabi/lib/thumb/v6-m/nofp\libc_nano.a(lib_a-vsnprintf.o)
                              ./SDK_ROBI_STM32F0_1.0.0/shared/Middle/serial/serial.o (vsnprintf)
c:/st/stm32cubeide_1.11.2/stm32cubeide/plugins/com.st.stm32cube.ide.mcu.externaltools.gnu-tools-for-stm32.10.3-2021.10.win32_1.0.100.202210260954/tools/bin/../lib/gcc/arm-none-eabi/10.3.1/../../../../arm-none-eabi/lib/thumb/v6-m/nofp\libc_nano.a(lib_a-nano-svfprintf.o)
                              c:/st/stm32cubeide_1.11.2/stm32cubeide/plugins/com.st.stm32cube.ide.mcu.externaltools.gnu-tools-for-stm32.10.3-2021.10.win32_1.0.100.202210260954/tools/bin/../lib/gcc/arm-none-eabi/10.3.1/../../../../arm-none-eabi/lib/thumb/v6-m/nofp\libc_nano.a(lib_a-vsnprintf.o) (_svfprintf_r)
c:/st/stm32cubeide_1.11.2/stm32cubeide/plugins/com.st.stm32cube.ide.mcu.externaltools.gnu-tools-for-stm32.10.3-2021.10.win32_1.0.100.202210260954/tools/bin/../lib/gcc/arm-none-eabi/10.3.1/../../../../arm-none-eabi/lib/thumb/v6-m/nofp\libc_nano.a(lib_a-nano-vfprintf_i.o)
                              c:/st/stm32cubeide_1.11.2/stm32cubeide/plugins/com.st.stm32cube.ide.mcu.externaltools.gnu-tools-for-stm32.10.3-2021.10.win32_1.0.100.202210260954/tools/bin/../lib/gcc/arm-none-eabi/10.3.1/../../../../arm-none-eabi/lib/thumb/v6-m/nofp\libc_nano.a(lib_a-nano-svfprintf.o) (_printf_i)
c:/st/stm32cubeide_1.11.2/stm32cubeide/plugins/com.st.stm32cube.ide.mcu.externaltools.gnu-tools-for-stm32.10.3-2021.10.win32_1.0.100.202210260954/tools/bin/../lib/gcc/arm-none-eabi/10.3.1/../../../../arm-none-eabi/lib/thumb/v6-m/nofp\libc_nano.a(lib_a-memchr-stub.o)
[...]
Memory Configuration

Name             Origin             Length             Attributes
RAM              0x0000000020000000 0x0000000000002000 xrw
FLASH            0x0000000008000000 0x0000000000010000 xr
*default*        0x0000000000000000 0xffffffffffffffff

Linker script and memory map

LOAD c:/st/stm32cubeide_1.11.2/stm32cubeide/plugins/com.st.stm32cube.ide.mcu.externaltools.gnu-tools-for-stm32.10.3-2021.10.win32_1.0.100.202210260954/tools/bin/../lib/gcc/arm-none-eabi/10.3.1/thumb/v6-m/nofp/crti.o
LOAD c:/st/stm32cubeide_1.11.2/stm32cubeide/plugins/com.st.stm32cube.ide.mcu.externaltools.gnu-tools-for-stm32.10.3-2021.10.win32_1.0.100.202210260954/tools/bin/../lib/gcc/arm-none-eabi/10.3.1/thumb/v6-m/nofp/crtbegin.o
LOAD c:/st/stm32cubeide_1.11.2/stm32cubeide/plugins/com.st.stm32cube.ide.mcu.externaltools.gnu-tools-for-stm32.10.3-2021.10.win32_1.0.100.202210260954/tools/bin/../lib/gcc/arm-none-eabi/10.3.1/../../../../arm-none-eabi/lib/thumb/v6-m/nofp/crt0.o
LOAD ./SDK_ROBI_STM32F0_1.0.0/shared/Drivers/CMSIS/Source/system_stm32f0xx.o
LOAD ./SDK_ROBI_STM32F0_1.0.0/shared/Drivers/STM32F0xx_StdPeriph_Driver/src/stm32f0xx_adc.o
LOAD ./SDK_ROBI_STM32F0_1.0.0/shared/Drivers/STM32F0xx_StdPeriph_Driver/src/stm32f0xx_dma.o
LOAD ./SDK_ROBI_STM32F0_1.0.0/shared/Drivers/STM32F0xx_StdPeriph_Driver/src/stm32f0xx_exti.o
LOAD ./SDK_ROBI_STM32F0_1.0.0/shared/Drivers/STM32F0xx_StdPeriph_Driver/src/stm32f0xx_flash.o
LOAD ./SDK_ROBI_STM32F0_1.0.0/shared/Drivers/STM32F0xx_StdPeriph_Driver/src/stm32f0xx_gpio.o
LOAD ./SDK_ROBI_STM32F0_1.0.0/shared/Drivers/STM32F0xx_StdPeriph_Driver/src/stm32f0xx_i2c.o
LOAD ./SDK_ROBI_STM32F0_1.0.0/shared/Drivers/STM32F0xx_StdPeriph_Driver/src/stm32f0xx_misc.o
LOAD ./SDK_ROBI_STM32F0_1.0.0/shared/Drivers/STM32F0xx_StdPeriph_Driver/src/stm32f0xx_rcc.o
LOAD ./SDK_ROBI_STM32F0_1.0.0/shared/Drivers/STM32F0xx_StdPeriph_Driver/src/stm32f0xx_spi.o
LOAD ./SDK_ROBI_STM32F0_1.0.0/shared/Drivers/STM32F0xx_StdPeriph_Driver/src/stm32f0xx_syscfg.o
LOAD ./SDK_ROBI_STM32F0_1.0.0/shared/Drivers/STM32F0xx_StdPeriph_Driver/src/stm32f0xx_tim.o
LOAD ./SDK_ROBI_STM32F0_1.0.0/shared/Drivers/STM32F0xx_StdPeriph_Driver/src/stm32f0xx_usart.o
LOAD ./SDK_ROBI_STM32F0_1.0.0/shared/Middle/button/button.o
LOAD ./SDK_ROBI_STM32F0_1.0.0/shared/Middle/button/eventbutton.o
LOAD ./SDK_ROBI_STM32F0_1.0.0/shared/Middle/buzzer/buzzer.o
LOAD ./SDK_ROBI_STM32F0_1.0.0/shared/Middle/buzzer/melody.o
LOAD ./SDK_ROBI_STM32F0_1.0.0/shared/Middle/lcd/GUI.o
LOAD ./SDK_ROBI_STM32F0_1.0.0/shared/Middle/lcd/lcd.o
LOAD ./SDK_ROBI_STM32F0_1.0.0/shared/Middle/led/led.o
LOAD ./SDK_ROBI_STM32F0_1.0.0/shared/Middle/motor/encoder.o
LOAD ./SDK_ROBI_STM32F0_1.0.0/shared/Middle/motor/motor.o
LOAD ./SDK_ROBI_STM32F0_1.0.0/shared/Middle/motor/pid.o
LOAD ./SDK_ROBI_STM32F0_1.0.0/shared/Middle/rtos/eventman.o
LOAD ./SDK_ROBI_STM32F0_1.0.0/shared/Middle/rtos/timer.o
LOAD ./SDK_ROBI_STM32F0_1.0.0/shared/Middle/sensor/optical_sensor.o
LOAD ./SDK_ROBI_STM32F0_1.0.0/shared/Middle/serial/serial.o
LOAD ./SDK_ROBI_STM32F0_1.0.0/shared/Middle/serial/uartcmd.o
LOAD ./SDK_ROBI_STM32F0_1.0.0/shared/Utilities/buff.o
LOAD ./SDK_ROBI_STM32F0_1.0.0/shared/Utilities/utilities.o
LOAD ./Src/main.o
LOAD ./Src/syscalls.o
LOAD ./Src/sysmem.o
LOAD ./Startup/startup_stm32f030c8tx.o
START GROUP
LOAD c:/st/stm32cubeide_1.11.2/stm32cubeide/plugins/com.st.stm32cube.ide.mcu.externaltools.gnu-tools-for-stm32.10.3-2021.10.win32_1.0.100.202210260954/tools/bin/../lib/gcc/arm-none-eabi/10.3.1/../../../../arm-none-eabi/lib/thumb/v6-m/nofp\libc_nano.a
LOAD c:/st/stm32cubeide_1.11.2/stm32cubeide/plugins/com.st.stm32cube.ide.mcu.externaltools.gnu-tools-for-stm32.10.3-2021.10.win32_1.0.100.202210260954/tools/bin/../lib/gcc/arm-none-eabi/10.3.1/../../../../arm-none-eabi/lib/thumb/v6-m/nofp\libm.a
END GROUP
START GROUP
LOAD c:/st/stm32cubeide_1.11.2/stm32cubeide/plugins/com.st.stm32cube.ide.mcu.externaltools.gnu-tools-for-stm32.10.3-2021.10.win32_1.0.100.202210260954/tools/bin/../lib/gcc/arm-none-eabi/10.3.1/thumb/v6-m/nofp\libgcc.a
LOAD c:/st/stm32cubeide_1.11.2/stm32cubeide/plugins/com.st.stm32cube.ide.mcu.externaltools.gnu-tools-for-stm32.10.3-2021.10.win32_1.0.100.202210260954/tools/bin/../lib/gcc/arm-none-eabi/10.3.1/../../../../arm-none-eabi/lib/thumb/v6-m/nofp\libc_nano.a
END GROUP
START GROUP
LOAD c:/st/stm32cubeide_1.11.2/stm32cubeide/plugins/com.st.stm32cube.ide.mcu.externaltools.gnu-tools-for-stm32.10.3-2021.10.win32_1.0.100.202210260954/tools/bin/../lib/gcc/arm-none-eabi/10.3.1/thumb/v6-m/nofp\libgcc.a
LOAD c:/st/stm32cubeide_1.11.2/stm32cubeide/plugins/com.st.stm32cube.ide.mcu.externaltools.gnu-tools-for-stm32.10.3-2021.10.win32_1.0.100.202210260954/tools/bin/../lib/gcc/arm-none-eabi/10.3.1/../../../../arm-none-eabi/lib/thumb/v6-m/nofp\libc_nano.a
LOAD c:/st/stm32cubeide_1.11.2/stm32cubeide/plugins/com.st.stm32cube.ide.mcu.externaltools.gnu-tools-for-stm32.10.3-2021.10.win32_1.0.100.202210260954/tools/bin/../lib/gcc/arm-none-eabi/10.3.1/../../../../arm-none-eabi/lib/thumb/v6-m/nofp\libnosys.a
END GROUP
START GROUP
LOAD c:/st/stm32cubeide_1.11.2/stm32cubeide/plugins/com.st.stm32cube.ide.mcu.externaltools.gnu-tools-for-stm32.10.3-2021.10.win32_1.0.100.202210260954/tools/bin/../lib/gcc/arm-none-eabi/10.3.1/thumb/v6-m/nofp\libgcc.a
LOAD c:/st/stm32cubeide_1.11.2/stm32cubeide/plugins/com.st.stm32cube.ide.mcu.externaltools.gnu-tools-for-stm32.10.3-2021.10.win32_1.0.100.202210260954/tools/bin/../lib/gcc/arm-none-eabi/10.3.1/../../../../arm-none-eabi/lib/thumb/v6-m/nofp\libc_nano.a
LOAD c:/st/stm32cubeide_1.11.2/stm32cubeide/plugins/com.st.stm32cube.ide.mcu.externaltools.gnu-tools-for-stm32.10.3-2021.10.win32_1.0.100.202210260954/tools/bin/../lib/gcc/arm-none-eabi/10.3.1/../../../../arm-none-eabi/lib/thumb/v6-m/nofp\libnosys.a
END GROUP
LOAD c:/st/stm32cubeide_1.11.2/stm32cubeide/plugins/com.st.stm32cube.ide.mcu.externaltools.gnu-tools-for-stm32.10.3-2021.10.win32_1.0.100.202210260954/tools/bin/../lib/gcc/arm-none-eabi/10.3.1/thumb/v6-m/nofp/crtend.o
LOAD c:/st/stm32cubeide_1.11.2/stm32cubeide/plugins/com.st.stm32cube.ide.mcu.externaltools.gnu-tools-for-stm32.10.3-2021.10.win32_1.0.100.202210260954/tools/bin/../lib/gcc/arm-none-eabi/10.3.1/thumb/v6-m/nofp/crtn.o
                0x0000000020002000                _estack = (ORIGIN (RAM) + LENGTH (RAM))
                0x0000000000000200                _Min_Heap_Size = 0x200
                0x0000000000000400                _Min_Stack_Size = 0x400

.isr_vector     0x0000000008000000       0xc0
                0x0000000008000000                . = ALIGN (0x4)
 *(.isr_vector)
 .isr_vector    0x0000000008000000       0xc0 ./Startup/startup_stm32f030c8tx.o
                0x0000000008000000                g_pfnVectors
                0x00000000080000c0                . = ALIGN (0x4)

.text           0x00000000080000c0     0x8d58
                0x00000000080000c0                . = ALIGN (0x4)
 *(.text)
 .text          0x00000000080000c0       0x48 c:/st/stm32cubeide_1.11.2/stm32cubeide/plugins/com.st.stm32cube.ide.mcu.externaltools.gnu-tools-for-stm32.10.3-2021.10.win32_1.0.100.202210260954/tools/bin/../lib/gcc/arm-none-eabi/10.3.1/thumb/v6-m/nofp/crtbegin.o
 .text          0x0000000008000108        0xe c:/st/stm32cubeide_1.11.2/stm32cubeide/plugins/com.st.stm32cube.ide.mcu.externaltools.gnu-tools-for-stm32.10.3-2021.10.win32_1.0.100.202210260954/tools/bin/../lib/gcc/arm-none-eabi/10.3.1/../../../../arm-none-eabi/lib/thumb/v6-m/nofp\libc_nano.a(lib_a-strlen.o)
                0x0000000008000108                strlen
 *fill*         0x0000000008000116        0x2 
 .text          0x0000000008000118      0x114 c:/st/stm32cubeide_1.11.2/stm32cubeide/plugins/com.st.stm32cube.ide.mcu.externaltools.gnu-tools-for-stm32.10.3-2021.10.win32_1.0.100.202210260954/tools/bin/../lib/gcc/arm-none-eabi/10.3.1/thumb/v6-m/nofp\libgcc.a(_udivsi3.o)
                0x0000000008000118                __aeabi_uidiv
                0x0000000008000118                __udivsi3
                0x0000000008000224                __aeabi_uidivmod
 .text          0x000000000800022c      0x1d4 c:/st/stm32cubeide_1.11.2/stm32cubeide/plugins/com.st.stm32cube.ide.mcu.externaltools.gnu-tools-for-stm32.10.3-2021.10.win32_1.0.100.202210260954/tools/bin/../lib/gcc/arm-none-eabi/10.3.1/thumb/v6-m/nofp\libgcc.a(_divsi3.o)
                0x000000000800022c                __divsi3
                0x000000000800022c                __aeabi_idiv
                0x00000000080003f8                __aeabi_idivmod
 .text          0x0000000008000400        0x4 c:/st/stm32cubeide_1.11.2/stm32cubeide/plugins/com.st.stm32cube.ide.mcu.externaltools.gnu-tools-for-stm32.10.3-2021.10.win32_1.0.100.202210260954/tools/bin/../lib/gcc/arm-none-eabi/10.3.1/thumb/v6-m/nofp\libgcc.a(_dvmd_tls.o)
                0x0000000008000400                __aeabi_idiv0
                0x0000000008000400                __aeabi_ldiv0
 .text          0x0000000008000404       0x7c c:/st/stm32cubeide_1.11.2/stm32cubeide/plugins/com.st.stm32cube.ide.mcu.externaltools.gnu-tools-for-stm32.10.3-2021.10.win32_1.0.100.202210260954/tools/bin/../lib/gcc/arm-none-eabi/10.3.1/thumb/v6-m/nofp\libgcc.a(_arm_cmpdf2.o)
                0x0000000008000404                __aeabi_cdrcmple
                0x0000000008000414                __aeabi_cdcmple
                0x0000000008000414                __aeabi_cdcmpeq
                0x0000000008000424                __aeabi_dcmpeq
                0x0000000008000430                __aeabi_dcmplt
                0x0000000008000444                __aeabi_dcmple
                0x0000000008000458                __aeabi_dcmpgt
                0x000000000800046c                __aeabi_dcmpge
 .text          0x0000000008000480      0x33c c:/st/stm32cubeide_1.11.2/stm32cubeide/plugins/com.st.stm32cube.ide.mcu.externaltools.gnu-tools-for-stm32.10.3-2021.10.win32_1.0.100.202210260954/tools/bin/../lib/gcc/arm-none-eabi/10.3.1/thumb/v6-m/nofp\libgcc.a(addsf3.o)
                0x0000000008000480                __aeabi_fadd
 .text          0x00000000080007bc      0x24c c:/st/stm32cubeide_1.11.2/stm32cubeide/plugins/com.st.stm32cube.ide.mcu.externaltools.gnu-tools-for-stm32.10.3-2021.10.win32_1.0.100.202210260954/tools/bin/../lib/gcc/arm-none-eabi/10.3.1/thumb/v6-m/nofp\libgcc.a(mulsf3.o)
                0x00000000080007bc                __aeabi_fmul
 .text          0x0000000008000a08      0x35c c:/st/stm32cubeide_1.11.2/stm32cubeide/plugins/com.st.stm32cube.ide.mcu.externaltools.gnu-tools-for-stm32.10.3-2021.10.win32_1.0.100.202210260954/tools/bin/../lib/gcc/arm-none-eabi/10.3.1/thumb/v6-m/nofp\libgcc.a(subsf3.o)
                0x0000000008000a08                __aeabi_fsub
 .text          0x0000000008000d64       0x40 c:/st/stm32cubeide_1.11.2/stm32cubeide/plugins/com.st.stm32cube.ide.mcu.externaltools.gnu-tools-for-stm32.10.3-2021.10.win32_1.0.100.202210260954/tools/bin/../lib/gcc/arm-none-eabi/10.3.1/thumb/v6-m/nofp\libgcc.a(fixsfsi.o)
                0x0000000008000d64                __aeabi_f2iz
 .text          0x0000000008000da4       0x9c c:/st/stm32cubeide_1.11.2/stm32cubeide/plugins/com.st.stm32cube.ide.mcu.externaltools.gnu-tools-for-stm32.10.3-2021.10.win32_1.0.100.202210260954/tools/bin/../lib/gcc/arm-none-eabi/10.3.1/thumb/v6-m/nofp\libgcc.a(floatsisf.o)
                0x0000000008000da4                __aeabi_i2f
 .text          0x0000000008000e40      0x678 c:/st/stm32cubeide_1.11.2/stm32cubeide/plugins/com.st.stm32cube.ide.mcu.externaltools.gnu-tools-for-stm32.10.3-2021.10.win32_1.0.100.202210260954/tools/bin/../lib/gcc/arm-none-eabi/10.3.1/thumb/v6-m/nofp\libgcc.a(adddf3.o)
                0x0000000008000e40                __aeabi_dadd
 .text          0x00000000080014b8      0x5ec c:/st/stm32cubeide_1.11.2/stm32cubeide/plugins/com.st.stm32cube.ide.mcu.externaltools.gnu-tools-for-stm32.10.3-2021.10.win32_1.0.100.202210260954/tools/bin/../lib/gcc/arm-none-eabi/10.3.1/thumb/v6-m/nofp\libgcc.a(divdf3.o)
                0x00000000080014b8                __aeabi_ddiv
 .text          0x0000000008001aa4       0x84 c:/st/stm32cubeide_1.11.2/stm32cubeide/plugins/com.st.stm32cube.ide.mcu.externaltools.gnu-tools-for-stm32.10.3-2021.10.win32_1.0.100.202210260954/tools/bin/../lib/gcc/arm-none-eabi/10.3.1/thumb/v6-m/nofp\libgcc.a(eqdf2.o)
                0x0000000008001aa4                __nedf2
                0x0000000008001aa4                __eqdf2
 .text          0x0000000008001b28       0xcc c:/st/stm32cubeide_1.11.2/stm32cubeide/plugins/com.st.stm32cube.ide.mcu.externaltools.gnu-tools-for-stm32.10.3-2021.10.win32_1.0.100.202210260954/tools/bin/../lib/gcc/arm-none-eabi/10.3.1/thumb/v6-m/nofp\libgcc.a(gedf2.o)
                0x0000000008001b28                __gedf2
                0x0000000008001b28                __gtdf2
 .text          0x0000000008001bf4       0xc8 c:/st/stm32cubeide_1.11.2/stm32cubeide/plugins/com.st.stm32cube.ide.mcu.externaltools.gnu-tools-for-stm32.10.3-2021.10.win32_1.0.100.202210260954/tools/bin/../lib/gcc/arm-none-eabi/10.3.1/thumb/v6-m/nofp\libgcc.a(ledf2.o)
                0x0000000008001bf4                __ledf2
                0x0000000008001bf4                __ltdf2
 .text          0x0000000008001cbc      0x4d8 c:/st/stm32cubeide_1.11.2/stm32cubeide/plugins/com.st.stm32cube.ide.mcu.externaltools.gnu-tools-for-stm32.10.3-2021.10.win32_1.0.100.202210260954/tools/bin/../lib/gcc/arm-none-eabi/10.3.1/thumb/v6-m/nofp\libgcc.a(muldf3.o)
                0x0000000008001cbc                __aeabi_dmul
 .text          0x0000000008002194      0x724 c:/st/stm32cubeide_1.11.2/stm32cubeide/plugins/com.st.stm32cube.ide.mcu.externaltools.gnu-tools-for-stm32.10.3-2021.10.win32_1.0.100.202210260954/tools/bin/../lib/gcc/arm-none-eabi/10.3.1/thumb/v6-m/nofp\libgcc.a(subdf3.o)
                0x0000000008002194                __aeabi_dsub
 .text          0x00000000080028b8       0x3c c:/st/stm32cubeide_1.11.2/stm32cubeide/plugins/com.st.stm32cube.ide.mcu.externaltools.gnu-tools-for-stm32.10.3-2021.10.win32_1.0.100.202210260954/tools/bin/../lib/gcc/arm-none-eabi/10.3.1/thumb/v6-m/nofp\libgcc.a(unorddf2.o)
                0x00000000080028b8                __aeabi_dcmpun
 .text          0x00000000080028f4       0x6c c:/st/stm32cubeide_1.11.2/stm32cubeide/plugins/com.st.stm32cube.ide.mcu.externaltools.gnu-tools-for-stm32.10.3-2021.10.win32_1.0.100.202210260954/tools/bin/../lib/gcc/arm-none-eabi/10.3.1/thumb/v6-m/nofp\libgcc.a(fixdfsi.o)
                0x00000000080028f4                __aeabi_d2iz
 .text          0x0000000008002960       0x60 c:/st/stm32cubeide_1.11.2/stm32cubeide/plugins/com.st.stm32cube.ide.mcu.externaltools.gnu-tools-for-stm32.10.3-2021.10.win32_1.0.100.202210260954/tools/bin/../lib/gcc/arm-none-eabi/10.3.1/thumb/v6-m/nofp\libgcc.a(floatsidf.o)
                0x0000000008002960                __aeabi_i2d
 .text          0x00000000080029c0      0x110 c:/st/stm32cubeide_1.11.2/stm32cubeide/plugins/com.st.stm32cube.ide.mcu.externaltools.gnu-tools-for-stm32.10.3-2021.10.win32_1.0.100.202210260954/tools/bin/../lib/gcc/arm-none-eabi/10.3.1/thumb/v6-m/nofp\libgcc.a(truncdfsf2.o)
                0x00000000080029c0                __aeabi_d2f
 .text          0x0000000008002ad0       0x3c c:/st/stm32cubeide_1.11.2/stm32cubeide/plugins/com.st.stm32cube.ide.mcu.externaltools.gnu-tools-for-stm32.10.3-2021.10.win32_1.0.100.202210260954/tools/bin/../lib/gcc/arm-none-eabi/10.3.1/thumb/v6-m/nofp\libgcc.a(_clzsi2.o)
                0x0000000008002ad0                __clzsi2
 *(.text*)
 .text.SystemInit
                0x0000000008002b0c       0x8c ./SDK_ROBI_STM32F0_1.0.0/shared/Drivers/CMSIS/Source/system_stm32f0xx.o
                0x0000000008002b0c                SystemInit
 .text.SystemCoreClockUpdate
                0x0000000008002b98       0xec ./SDK_ROBI_STM32F0_1.0.0/shared/Drivers/CMSIS/Source/system_stm32f0xx.o
                0x0000000008002b98                SystemCoreClockUpdate
 .text.SetSysClock
                0x0000000008002c84       0xe0 ./SDK_ROBI_STM32F0_1.0.0/shared/Drivers/CMSIS/Source/system_stm32f0xx.o
 .text.ADC_DeInit
                0x0000000008002d64       0x34 ./SDK_ROBI_STM32F0_1.0.0/shared/Drivers/STM32F0xx_StdPeriph_Driver/src/stm32f0xx_adc.o
                0x0000000008002d64                ADC_DeInit
 .text.ADC_Init
                0x0000000008002d98       0x58 ./SDK_ROBI_STM32F0_1.0.0/shared/Drivers/STM32F0xx_StdPeriph_Driver/src/stm32f0xx_adc.o
                0x0000000008002d98                ADC_Init
 .text.ADC_StructInit
                0x0000000008002df0       0x34 ./SDK_ROBI_STM32F0_1.0.0/shared/Drivers/STM32F0xx_StdPeriph_Driver/src/stm32f0xx_adc.o
                0x0000000008002df0                ADC_StructInit
 .text.ADC_Cmd  0x0000000008002e24       0x38 ./SDK_ROBI_STM32F0_1.0.0/shared/Drivers/STM32F0xx_StdPeriph_Driver/src/stm32f0xx_adc.o
                0x0000000008002e24                ADC_Cmd
 .text.ADC_ChannelConfig
                0x0000000008002e5c       0x3a ./SDK_ROBI_STM32F0_1.0.0/shared/Drivers/STM32F0xx_StdPeriph_Driver/src/stm32f0xx_adc.o
                0x0000000008002e5c                ADC_ChannelConfig
 .text.ADC_GetCalibrationFactor
                0x0000000008002e96       0x60 ./SDK_ROBI_STM32F0_1.0.0/shared/Drivers/STM32F0xx_StdPeriph_Driver/src/stm32f0xx_adc.o
                0x0000000008002e96                ADC_GetCalibrationFactor
 .text.ADC_StartOfConversion
                0x0000000008002ef6       0x1c ./SDK_ROBI_STM32F0_1.0.0/shared/Drivers/STM32F0xx_StdPeriph_Driver/src/stm32f0xx_adc.o
                0x0000000008002ef6                ADC_StartOfConversion
 .text.ADC_DMACmd
                0x0000000008002f12       0x3a ./SDK_ROBI_STM32F0_1.0.0/shared/Drivers/STM32F0xx_StdPeriph_Driver/src/stm32f0xx_adc.o
                0x0000000008002f12                ADC_DMACmd
 .text.ADC_DMARequestModeConfig
                0x0000000008002f4c       0x2c ./SDK_ROBI_STM32F0_1.0.0/shared/Drivers/STM32F0xx_StdPeriph_Driver/src/stm32f0xx_adc.o
                0x0000000008002f4c                ADC_DMARequestModeConfig
 .text.ADC_GetFlagStatus
                0x0000000008002f78       0x60 ./SDK_ROBI_STM32F0_1.0.0/shared/Drivers/STM32F0xx_StdPeriph_Driver/src/stm32f0xx_adc.o
                0x0000000008002f78                ADC_GetFlagStatus
 .text.DMA_DeInit
                0x0000000008002fd8      0x188 ./SDK_ROBI_STM32F0_1.0.0/shared/Drivers/STM32F0xx_StdPeriph_Driver/src/stm32f0xx_dma.o
                0x0000000008002fd8                DMA_DeInit
 .text.DMA_Init
                0x0000000008003160       0x7c ./SDK_ROBI_STM32F0_1.0.0/shared/Drivers/STM32F0xx_StdPeriph_Driver/src/stm32f0xx_dma.o
                0x0000000008003160                DMA_Init
 .text.DMA_Cmd  0x00000000080031dc       0x3c ./SDK_ROBI_STM32F0_1.0.0/shared/Drivers/STM32F0xx_StdPeriph_Driver/src/stm32f0xx_dma.o
                0x00000000080031dc                DMA_Cmd
 .text.EXTI_Init
                0x0000000008003218       0xe0 ./SDK_ROBI_STM32F0_1.0.0/shared/Drivers/STM32F0xx_StdPeriph_Driver/src/stm32f0xx_exti.o
                0x0000000008003218                EXTI_Init
 .text.EXTI_GetFlagStatus
                0x00000000080032f8       0x3c ./SDK_ROBI_STM32F0_1.0.0/shared/Drivers/STM32F0xx_StdPeriph_Driver/src/stm32f0xx_exti.o
                0x00000000080032f8                EXTI_GetFlagStatus
 .text.EXTI_ClearITPendingBit
                0x0000000008003334       0x1c ./SDK_ROBI_STM32F0_1.0.0/shared/Drivers/STM32F0xx_StdPeriph_Driver/src/stm32f0xx_exti.o
                0x0000000008003334                EXTI_ClearITPendingBit
 .text.GPIO_Init
                0x0000000008003350      0x128 ./SDK_ROBI_STM32F0_1.0.0/shared/Drivers/STM32F0xx_StdPeriph_Driver/src/stm32f0xx_gpio.o
                0x0000000008003350                GPIO_Init
 .text.GPIO_ReadInputDataBit
                0x0000000008003478       0x46 ./SDK_ROBI_STM32F0_1.0.0/shared/Drivers/STM32F0xx_StdPeriph_Driver/src/stm32f0xx_gpio.o
                0x0000000008003478                GPIO_ReadInputDataBit
 .text.GPIO_SetBits
                0x00000000080034be       0x1e ./SDK_ROBI_STM32F0_1.0.0/shared/Drivers/STM32F0xx_StdPeriph_Driver/src/stm32f0xx_gpio.o
                0x00000000080034be                GPIO_SetBits
 .text.GPIO_ResetBits
                0x00000000080034dc       0x1e ./SDK_ROBI_STM32F0_1.0.0/shared/Drivers/STM32F0xx_StdPeriph_Driver/src/stm32f0xx_gpio.o
                0x00000000080034dc                GPIO_ResetBits
 .text.GPIO_PinAFConfig
                0x00000000080034fa       0xa4 ./SDK_ROBI_STM32F0_1.0.0/shared/Drivers/STM32F0xx_StdPeriph_Driver/src/stm32f0xx_gpio.o
                0x00000000080034fa                GPIO_PinAFConfig
 *fill*         0x000000000800359e        0x2 
 .text.NVIC_Init
                0x00000000080035a0       0xac ./SDK_ROBI_STM32F0_1.0.0/shared/Drivers/STM32F0xx_StdPeriph_Driver/src/stm32f0xx_misc.o
                0x00000000080035a0                NVIC_Init
 .text.RCC_GetClocksFreq
                0x000000000800364c      0x2f8 ./SDK_ROBI_STM32F0_1.0.0/shared/Drivers/STM32F0xx_StdPeriph_Driver/src/stm32f0xx_rcc.o
                0x000000000800364c                RCC_GetClocksFreq
 .text.RCC_AHBPeriphClockCmd
                0x0000000008003944       0x40 ./SDK_ROBI_STM32F0_1.0.0/shared/Drivers/STM32F0xx_StdPeriph_Driver/src/stm32f0xx_rcc.o
                0x0000000008003944                RCC_AHBPeriphClockCmd
 .text.RCC_APB2PeriphClockCmd
                0x0000000008003984       0x40 ./SDK_ROBI_STM32F0_1.0.0/shared/Drivers/STM32F0xx_StdPeriph_Driver/src/stm32f0xx_rcc.o
                0x0000000008003984                RCC_APB2PeriphClockCmd
 .text.RCC_APB2PeriphResetCmd
                0x00000000080039c4       0x40 ./SDK_ROBI_STM32F0_1.0.0/shared/Drivers/STM32F0xx_StdPeriph_Driver/src/stm32f0xx_rcc.o
                0x00000000080039c4                RCC_APB2PeriphResetCmd
 .text.RCC_APB1PeriphResetCmd
                0x0000000008003a04       0x40 ./SDK_ROBI_STM32F0_1.0.0/shared/Drivers/STM32F0xx_StdPeriph_Driver/src/stm32f0xx_rcc.o
                0x0000000008003a04                RCC_APB1PeriphResetCmd
 .text.SPI_I2S_DeInit
                0x0000000008003a44       0x5c ./SDK_ROBI_STM32F0_1.0.0/shared/Drivers/STM32F0xx_StdPeriph_Driver/src/stm32f0xx_spi.o
                0x0000000008003a44                SPI_I2S_DeInit
 .text.SPI_Init
                0x0000000008003aa0       0xe4 ./SDK_ROBI_STM32F0_1.0.0/shared/Drivers/STM32F0xx_StdPeriph_Driver/src/stm32f0xx_spi.o
                0x0000000008003aa0                SPI_Init
 .text.SPI_Cmd  0x0000000008003b84       0x40 ./SDK_ROBI_STM32F0_1.0.0/shared/Drivers/STM32F0xx_StdPeriph_Driver/src/stm32f0xx_spi.o
                0x0000000008003b84                SPI_Cmd
 .text.SPI_SendData8
                0x0000000008003bc4       0x2c ./SDK_ROBI_STM32F0_1.0.0/shared/Drivers/STM32F0xx_StdPeriph_Driver/src/stm32f0xx_spi.o
                0x0000000008003bc4                SPI_SendData8
 .text.SYSCFG_EXTILineConfig
                0x0000000008003bf0       0x90 ./SDK_ROBI_STM32F0_1.0.0/shared/Drivers/STM32F0xx_StdPeriph_Driver/src/stm32f0xx_syscfg.o
                0x0000000008003bf0                SYSCFG_EXTILineConfig
 .text.TIM_TimeBaseInit
                0x0000000008003c80       0xe4 ./SDK_ROBI_STM32F0_1.0.0/shared/Drivers/STM32F0xx_StdPeriph_Driver/src/stm32f0xx_tim.o
                0x0000000008003c80                TIM_TimeBaseInit
 .text.TIM_SetCounter
                0x0000000008003d64       0x18 ./SDK_ROBI_STM32F0_1.0.0/shared/Drivers/STM32F0xx_StdPeriph_Driver/src/stm32f0xx_tim.o
                0x0000000008003d64                TIM_SetCounter
 .text.TIM_Cmd  0x0000000008003d7c       0x40 ./SDK_ROBI_STM32F0_1.0.0/shared/Drivers/STM32F0xx_StdPeriph_Driver/src/stm32f0xx_tim.o
                0x0000000008003d7c                TIM_Cmd
 .text.TIM_CtrlPWMOutputs
                0x0000000008003dbc       0x4c ./SDK_ROBI_STM32F0_1.0.0/shared/Drivers/STM32F0xx_StdPeriph_Driver/src/stm32f0xx_tim.o
                0x0000000008003dbc                TIM_CtrlPWMOutputs
 .text.TIM_OC1Init
                0x0000000008003e08      0x170 ./SDK_ROBI_STM32F0_1.0.0/shared/Drivers/STM32F0xx_StdPeriph_Driver/src/stm32f0xx_tim.o
                0x0000000008003e08                TIM_OC1Init
 .text.TIM_OC2Init
                0x0000000008003f78      0x184 ./SDK_ROBI_STM32F0_1.0.0/shared/Drivers/STM32F0xx_StdPeriph_Driver/src/stm32f0xx_tim.o
                0x0000000008003f78                TIM_OC2Init
 .text.TIM_OC4Init
                0x00000000080040fc      0x114 ./SDK_ROBI_STM32F0_1.0.0/shared/Drivers/STM32F0xx_StdPeriph_Driver/src/stm32f0xx_tim.o
                0x00000000080040fc                TIM_OC4Init
 .text.TIM_SetCompare1
                0x0000000008004210       0x18 ./SDK_ROBI_STM32F0_1.0.0/shared/Drivers/STM32F0xx_StdPeriph_Driver/src/stm32f0xx_tim.o
                0x0000000008004210                TIM_SetCompare1
 .text.TIM_SetCompare2
                0x0000000008004228       0x18 ./SDK_ROBI_STM32F0_1.0.0/shared/Drivers/STM32F0xx_StdPeriph_Driver/src/stm32f0xx_tim.o
                0x0000000008004228                TIM_SetCompare2
 .text.USART_Init
                0x0000000008004240      0x188 ./SDK_ROBI_STM32F0_1.0.0/shared/Drivers/STM32F0xx_StdPeriph_Driver/src/stm32f0xx_usart.o
                0x0000000008004240                USART_Init
 .text.USART_Cmd
                0x00000000080043c8       0x3a ./SDK_ROBI_STM32F0_1.0.0/shared/Drivers/STM32F0xx_StdPeriph_Driver/src/stm32f0xx_usart.o
                0x00000000080043c8                USART_Cmd
 .text.USART_ReceiveData
                0x0000000008004402       0x1c ./SDK_ROBI_STM32F0_1.0.0/shared/Drivers/STM32F0xx_StdPeriph_Driver/src/stm32f0xx_usart.o
                0x0000000008004402                USART_ReceiveData
 .text.USART_ITConfig
                0x000000000800441e       0x84 ./SDK_ROBI_STM32F0_1.0.0/shared/Drivers/STM32F0xx_StdPeriph_Driver/src/stm32f0xx_usart.o
                0x000000000800441e                USART_ITConfig
 .text.USART_GetITStatus
                0x00000000080044a2       0xae ./SDK_ROBI_STM32F0_1.0.0/shared/Drivers/STM32F0xx_StdPeriph_Driver/src/stm32f0xx_usart.o
                0x00000000080044a2                USART_GetITStatus
 .text.USART_ClearITPendingBit
                0x0000000008004550       0x30 ./SDK_ROBI_STM32F0_1.0.0/shared/Drivers/STM32F0xx_StdPeriph_Driver/src/stm32f0xx_usart.o
                0x0000000008004550                USART_ClearITPendingBit
 .text.Button_Init
                0x0000000008004580       0xe0 ./SDK_ROBI_STM32F0_1.0.0/shared/Middle/button/button.o
                0x0000000008004580                Button_Init
 .text.Button_RegisterEventCallback
                0x0000000008004660       0x34 ./SDK_ROBI_STM32F0_1.0.0/shared/Middle/button/button.o
                0x0000000008004660                Button_RegisterEventCallback
 .text.ButtonScanTypeEdge
                0x0000000008004694      0x230 ./SDK_ROBI_STM32F0_1.0.0/shared/Middle/button/button.o
 .text.ButtonScanEventHandler
                0x00000000080048c4       0x60 ./SDK_ROBI_STM32F0_1.0.0/shared/Middle/button/button.o
 .text.BTNGPIO_Init
                0x0000000008004924       0x64 ./SDK_ROBI_STM32F0_1.0.0/shared/Middle/button/button.o
 .text.EventButton_Init
                0x0000000008004988       0x48 ./SDK_ROBI_STM32F0_1.0.0/shared/Middle/button/eventbutton.o
                0x0000000008004988                EventButton_Init
 .text.ButtonProcessEventEdge
                0x00000000080049d0       0x46 ./SDK_ROBI_STM32F0_1.0.0/shared/Middle/button/eventbutton.o
 .text.ButtonProcessEventPress
                0x0000000008004a16       0x94 ./SDK_ROBI_STM32F0_1.0.0/shared/Middle/button/eventbutton.o
 .text.ButtonProcessEventHold
                0x0000000008004aaa       0x8a ./SDK_ROBI_STM32F0_1.0.0/shared/Middle/button/eventbutton.o
 .text.ButtonProcessEventRelease
                0x0000000008004b34       0x8a ./SDK_ROBI_STM32F0_1.0.0/shared/Middle/button/eventbutton.o
 *fill*         0x0000000008004bbe        0x2 
 .text.BuzzerControl_Init
                0x0000000008004bc0       0x1c ./SDK_ROBI_STM32F0_1.0.0/shared/Middle/buzzer/buzzer.o
                0x0000000008004bc0                BuzzerControl_Init
 .text.BUZZTIM_InitTimer
                0x0000000008004bdc       0x4c ./SDK_ROBI_STM32F0_1.0.0/shared/Middle/buzzer/buzzer.o
 .text.BUZZTIM_InitPWMChannel
                0x0000000008004c28       0xa0 ./SDK_ROBI_STM32F0_1.0.0/shared/Middle/buzzer/buzzer.o
 .text.LCD_ShowChar
                0x0000000008004cc8      0x25c ./SDK_ROBI_STM32F0_1.0.0/shared/Middle/lcd/GUI.o
                0x0000000008004cc8                LCD_ShowChar
 .text.GUI_DrawFont16
                0x0000000008004f24      0x1f0 ./SDK_ROBI_STM32F0_1.0.0/shared/Middle/lcd/GUI.o
                0x0000000008004f24                GUI_DrawFont16
 .text.GUI_DrawFont24
                0x0000000008005114      0x1e0 ./SDK_ROBI_STM32F0_1.0.0/shared/Middle/lcd/GUI.o
                0x0000000008005114                GUI_DrawFont24
 .text.GUI_DrawFont32
                0x00000000080052f4      0x1f4 ./SDK_ROBI_STM32F0_1.0.0/shared/Middle/lcd/GUI.o
                0x00000000080052f4                GUI_DrawFont32
 .text.Show_Str
                0x00000000080054e8      0x258 ./SDK_ROBI_STM32F0_1.0.0/shared/Middle/lcd/GUI.o
                0x00000000080054e8                Show_Str
 .text.Gui_StrCenter
                0x0000000008005740       0x94 ./SDK_ROBI_STM32F0_1.0.0/shared/Middle/lcd/GUI.o
                0x0000000008005740                Gui_StrCenter
 .text.LCD_WR_REG
                0x00000000080057d4       0x54 ./SDK_ROBI_STM32F0_1.0.0/shared/Middle/lcd/lcd.o
                0x00000000080057d4                LCD_WR_REG
 .text.LCD_WR_DATA
                0x0000000008005828       0x54 ./SDK_ROBI_STM32F0_1.0.0/shared/Middle/lcd/lcd.o
                0x0000000008005828                LCD_WR_DATA
 .text.LCD_WriteReg
                0x000000000800587c       0x30 ./SDK_ROBI_STM32F0_1.0.0/shared/Middle/lcd/lcd.o
                0x000000000800587c                LCD_WriteReg
 .text.LCD_WriteRAM_Prepare
                0x00000000080058ac       0x1c ./SDK_ROBI_STM32F0_1.0.0/shared/Middle/lcd/lcd.o
                0x00000000080058ac                LCD_WriteRAM_Prepare
 .text.Lcd_WriteData_16Bit
                0x00000000080058c8       0x6c ./SDK_ROBI_STM32F0_1.0.0/shared/Middle/lcd/lcd.o
                0x00000000080058c8                Lcd_WriteData_16Bit
 .text.LCD_DrawPoint
                0x0000000008005934       0x38 ./SDK_ROBI_STM32F0_1.0.0/shared/Middle/lcd/lcd.o
                0x0000000008005934                LCD_DrawPoint
 .text.LCD_Clear
                0x000000000800596c       0x98 ./SDK_ROBI_STM32F0_1.0.0/shared/Middle/lcd/lcd.o
                0x000000000800596c                LCD_Clear
 .text.LCD_ClearCursor
                0x0000000008005a04       0xf4 ./SDK_ROBI_STM32F0_1.0.0/shared/Middle/lcd/lcd.o
                0x0000000008005a04                LCD_ClearCursor
 .text.LCD_RESET
                0x0000000008005af8       0x38 ./SDK_ROBI_STM32F0_1.0.0/shared/Middle/lcd/lcd.o
                0x0000000008005af8                LCD_RESET
 .text.LCD_Init
                0x0000000008005b30      0x250 ./SDK_ROBI_STM32F0_1.0.0/shared/Middle/lcd/lcd.o
                0x0000000008005b30                LCD_Init
 .text.LCD_SetWindows
                0x0000000008005d80       0xc0 ./SDK_ROBI_STM32F0_1.0.0/shared/Middle/lcd/lcd.o
                0x0000000008005d80                LCD_SetWindows
 .text.LCD_SetCursor
                0x0000000008005e40       0x30 ./SDK_ROBI_STM32F0_1.0.0/shared/Middle/lcd/lcd.o
                0x0000000008005e40                LCD_SetCursor
 .text.LCD_direction
                0x0000000008005e70       0xa8 ./SDK_ROBI_STM32F0_1.0.0/shared/Middle/lcd/lcd.o
                0x0000000008005e70                LCD_direction
 .text.LCDGPIO_Config
                0x0000000008005f18       0x58 ./SDK_ROBI_STM32F0_1.0.0/shared/Middle/lcd/lcd.o
 .text.LCDSPI_Config
                0x0000000008005f70       0xdc ./SDK_ROBI_STM32F0_1.0.0/shared/Middle/lcd/lcd.o
 .text.LCDSPI_WriteByte
                0x000000000800604c       0x2c ./SDK_ROBI_STM32F0_1.0.0/shared/Middle/lcd/lcd.o
 .text.LedControl_Init
                0x0000000008006078        0xe ./SDK_ROBI_STM32F0_1.0.0/shared/Middle/led/led.o
                0x0000000008006078                LedControl_Init
 *fill*         0x0000000008006086        0x2 
 .text.LedControl_SetColorIndividual
                0x0000000008006088      0x100 ./SDK_ROBI_STM32F0_1.0.0/shared/Middle/led/led.o
                0x0000000008006088                LedControl_SetColorIndividual
 .text.LedControl_SetColorGeneral
                0x0000000008006188      0x128 ./SDK_ROBI_STM32F0_1.0.0/shared/Middle/led/led.o
                0x0000000008006188                LedControl_SetColorGeneral
 .text.LEDGPIO_Config
                0x00000000080062b0       0x70 ./SDK_ROBI_STM32F0_1.0.0/shared/Middle/led/led.o
 .text.Encoder_Init
                0x0000000008006320       0x16 ./SDK_ROBI_STM32F0_1.0.0/shared/Middle/motor/encoder.o
                0x0000000008006320                Encoder_Init
 *fill*         0x0000000008006336        0x2 
 .text.EncoderL_GPIO_Config
                0x0000000008006338       0x90 ./SDK_ROBI_STM32F0_1.0.0/shared/Middle/motor/encoder.o
 .text.EncoderR_GPIO_Config
                0x00000000080063c8       0x90 ./SDK_ROBI_STM32F0_1.0.0/shared/Middle/motor/encoder.o
 .text.binaryToDecimal
                0x0000000008006458       0xdc ./SDK_ROBI_STM32F0_1.0.0/shared/Middle/motor/encoder.o
                0x0000000008006458                binaryToDecimal
 .text.EXTI4_15_IRQHandler
                0x0000000008006534      0x120 ./SDK_ROBI_STM32F0_1.0.0/shared/Middle/motor/encoder.o
                0x0000000008006534                EXTI4_15_IRQHandler
 .text.CalculateSpeed
                0x0000000008006654       0xf4 ./SDK_ROBI_STM32F0_1.0.0/shared/Middle/motor/encoder.o
 .text.ScanTimer
                0x0000000008006748       0x48 ./SDK_ROBI_STM32F0_1.0.0/shared/Middle/motor/encoder.o
 .text.MotorControl_Init
                0x0000000008006790       0x12 ./SDK_ROBI_STM32F0_1.0.0/shared/Middle/motor/motor.o
                0x0000000008006790                MotorControl_Init
 *fill*         0x00000000080067a2        0x2 
 .text.MR_GPIO_Config
                0x00000000080067a4      0x150 ./SDK_ROBI_STM32F0_1.0.0/shared/Middle/motor/motor.o
 .text.ML_GPIO_Config
                0x00000000080068f4      0x134 ./SDK_ROBI_STM32F0_1.0.0/shared/Middle/motor/motor.o
 .text.MotorControl_ForwardRotating
                0x0000000008006a28       0xc0 ./SDK_ROBI_STM32F0_1.0.0/shared/Middle/motor/motor.o
                0x0000000008006a28                MotorControl_ForwardRotating
 .text.MotorControl_ReverseRotating
                0x0000000008006ae8       0xc0 ./SDK_ROBI_STM32F0_1.0.0/shared/Middle/motor/motor.o
                0x0000000008006ae8                MotorControl_ReverseRotating
 .text.LineFollow
                0x0000000008006ba8       0xec ./SDK_ROBI_STM32F0_1.0.0/shared/Middle/motor/pid.o
                0x0000000008006ba8                LineFollow
 .text.PID_Control
                0x0000000008006c94      0x17c ./SDK_ROBI_STM32F0_1.0.0/shared/Middle/motor/pid.o
                0x0000000008006c94                PID_Control
 .text.Check_InLine
                0x0000000008006e10       0x80 ./SDK_ROBI_STM32F0_1.0.0/shared/Middle/motor/pid.o
                0x0000000008006e10                Check_InLine
 .text.MotorControl_PID
                0x0000000008006e90       0x50 ./SDK_ROBI_STM32F0_1.0.0/shared/Middle/motor/pid.o
                0x0000000008006e90                MotorControl_PID
 .text.EventSchedulerInit
                0x0000000008006ee0       0x38 ./SDK_ROBI_STM32F0_1.0.0/shared/Middle/rtos/eventman.o
                0x0000000008006ee0                EventSchedulerInit
 .text.EventSchedulerAdd
                0x0000000008006f18       0x30 ./SDK_ROBI_STM32F0_1.0.0/shared/Middle/rtos/eventman.o
                0x0000000008006f18                EventSchedulerAdd
 .text.processEventScheduler
                0x0000000008006f48       0x3c ./SDK_ROBI_STM32F0_1.0.0/shared/Middle/rtos/eventman.o
                0x0000000008006f48                processEventScheduler
 .text.NVIC_SetPriority
                0x0000000008006f84       0xdc ./SDK_ROBI_STM32F0_1.0.0/shared/Middle/rtos/timer.o
 .text.SysTick_Config
                0x0000000008007060       0x48 ./SDK_ROBI_STM32F0_1.0.0/shared/Middle/rtos/timer.o
 .text.TimerInit
                0x00000000080070a8       0x4c ./SDK_ROBI_STM32F0_1.0.0/shared/Middle/rtos/timer.o
                0x00000000080070a8                TimerInit
 .text.TimerStart
                0x00000000080070f4       0xe8 ./SDK_ROBI_STM32F0_1.0.0/shared/Middle/rtos/timer.o
                0x00000000080070f4                TimerStart
 .text.TimerStop
                0x00000000080071dc       0xa8 ./SDK_ROBI_STM32F0_1.0.0/shared/Middle/rtos/timer.o
                0x00000000080071dc                TimerStop
 .text.GetMilSecTick
                0x0000000008007284       0x14 ./SDK_ROBI_STM32F0_1.0.0/shared/Middle/rtos/timer.o
                0x0000000008007284                GetMilSecTick
 .text.processTimerScheduler
                0x0000000008007298      0x11c ./SDK_ROBI_STM32F0_1.0.0/shared/Middle/rtos/timer.o
                0x0000000008007298                processTimerScheduler
 .text.TimeExpired
                0x00000000080073b4       0xe4 ./SDK_ROBI_STM32F0_1.0.0/shared/Middle/rtos/timer.o
 .text.SysTick_Handler
                0x0000000008007498       0x18 ./SDK_ROBI_STM32F0_1.0.0/shared/Middle/rtos/timer.o
                0x0000000008007498                SysTick_Handler
 .text.OpticalSensor_Init
                0x00000000080074b0      0x1cc ./SDK_ROBI_STM32F0_1.0.0/shared/Middle/sensor/optical_sensor.o
                0x00000000080074b0                OpticalSensor_Init
 .text.OpticalSensor_MeasureUseDMAMode
                0x000000000800767c       0x30 ./SDK_ROBI_STM32F0_1.0.0/shared/Middle/sensor/optical_sensor.o
                0x000000000800767c                OpticalSensor_MeasureUseDMAMode
 .text.SamplingWhite
                0x00000000080076ac       0xac ./SDK_ROBI_STM32F0_1.0.0/shared/Middle/sensor/optical_sensor.o
                0x00000000080076ac                SamplingWhite
 .text.SamplingBlack
                0x0000000008007758       0xac ./SDK_ROBI_STM32F0_1.0.0/shared/Middle/sensor/optical_sensor.o
                0x0000000008007758                SamplingBlack
 .text.Calculate_AdcThreshold
                0x0000000008007804       0x64 ./SDK_ROBI_STM32F0_1.0.0/shared/Middle/sensor/optical_sensor.o
                0x0000000008007804                Calculate_AdcThreshold
 .text.Serial_Init
                0x0000000008007868       0x44 ./SDK_ROBI_STM32F0_1.0.0/shared/Middle/serial/serial.o
                0x0000000008007868                Serial_Init
 .text.UART_RegBufferRx
                0x00000000080078ac       0x28 ./SDK_ROBI_STM32F0_1.0.0/shared/Middle/serial/serial.o
                0x00000000080078ac                UART_RegBufferRx
 .text.UART_Init
                0x00000000080078d4      0x11c ./SDK_ROBI_STM32F0_1.0.0/shared/Middle/serial/serial.o
                0x00000000080078d4                UART_Init
 .text.USART1_IRQHandler
                0x00000000080079f0       0x64 ./SDK_ROBI_STM32F0_1.0.0/shared/Middle/serial/serial.o
                0x00000000080079f0                USART1_IRQHandler
 .text.bufInit  0x0000000008007a54       0x3c ./SDK_ROBI_STM32F0_1.0.0/shared/Utilities/buff.o
                0x0000000008007a54                bufInit
 .text.bufIsFull
                0x0000000008007a90       0x20 ./SDK_ROBI_STM32F0_1.0.0/shared/Utilities/buff.o
                0x0000000008007a90                bufIsFull
 .text.bufIsEmpty
                0x0000000008007ab0       0x20 ./SDK_ROBI_STM32F0_1.0.0/shared/Utilities/buff.o
                0x0000000008007ab0                bufIsEmpty
 .text.bufFlush
                0x0000000008007ad0       0x32 ./SDK_ROBI_STM32F0_1.0.0/shared/Utilities/buff.o
                0x0000000008007ad0                bufFlush
 .text.bufEnDat
                0x0000000008007b02       0xb0 ./SDK_ROBI_STM32F0_1.0.0/shared/Utilities/buff.o
                0x0000000008007b02                bufEnDat
 .text.bufDeDat
                0x0000000008007bb2       0x9a ./SDK_ROBI_STM32F0_1.0.0/shared/Utilities/buff.o
                0x0000000008007bb2                bufDeDat
 .text.memsetl  0x0000000008007c4c       0x3e ./SDK_ROBI_STM32F0_1.0.0/shared/Utilities/utilities.o
                0x0000000008007c4c                memsetl
 .text.dwCalculatorTime
                0x0000000008007c8a       0x2a ./SDK_ROBI_STM32F0_1.0.0/shared/Utilities/utilities.o
                0x0000000008007c8a                dwCalculatorTime
 .text.delay_ms
                0x0000000008007cb4       0x3a ./SDK_ROBI_STM32F0_1.0.0/shared/Utilities/utilities.o
                0x0000000008007cb4                delay_ms
 .text.main     0x0000000008007cee       0x1e ./Src/main.o
                0x0000000008007cee                main
 .text.AppInitCommon
                0x0000000008007d0c       0x8c ./Src/main.o
 .text.LoadConfiguration
                0x0000000008007d98        0xa ./Src/main.o
                0x0000000008007d98                LoadConfiguration
 .text.AppStateManager
                0x0000000008007da2       0x54 ./Src/main.o
 *fill*         0x0000000008007df6        0x2 
 .text.SetStateApp
                0x0000000008007df8       0x20 ./Src/main.o
 .text.GetStateApp
                0x0000000008007e18       0x14 ./Src/main.o
 .text.DeviceStateMachine
                0x0000000008007e2c       0x48 ./Src/main.o
 .text.SetLed_Red
                0x0000000008007e74       0x1a ./Src/main.o
                0x0000000008007e74                SetLed_Red
 .text.SetLed_Green
                0x0000000008007e8e       0x1a ./Src/main.o
                0x0000000008007e8e                SetLed_Green
 .text.SetLed_Blue
                0x0000000008007ea8       0x1a ./Src/main.o
                0x0000000008007ea8                SetLed_Blue
 *fill*         0x0000000008007ec2        0x2 
 .text.BlinkLed
                0x0000000008007ec4       0xc8 ./Src/main.o
                0x0000000008007ec4                BlinkLed
 .text.Reset_Handler
                0x0000000008007f8c       0x50 ./Startup/startup_stm32f030c8tx.o
                0x0000000008007f8c                Reset_Handler
 .text.Default_Handler
                0x0000000008007fdc        0x2 ./Startup/startup_stm32f030c8tx.o
                0x0000000008007fdc                TIM1_CC_IRQHandler
                0x0000000008007fdc                HardFault_Handler
                0x0000000008007fdc                TIM6_IRQHandler
                0x0000000008007fdc                PVD_IRQHandler
                0x0000000008007fdc                PendSV_Handler
                0x0000000008007fdc                NMI_Handler
                0x0000000008007fdc                I2C1_IRQHandler
                0x0000000008007fdc                SPI1_IRQHandler
                0x0000000008007fdc                EXTI2_3_IRQHandler
                0x0000000008007fdc                I2C2_IRQHandler
                0x0000000008007fdc                TIM17_IRQHandler
                0x0000000008007fdc                RTC_IRQHandler
                0x0000000008007fdc                TIM16_IRQHandler
                0x0000000008007fdc                TIM3_IRQHandler
                0x0000000008007fdc                RCC_IRQHandler
                0x0000000008007fdc                Default_Handler
                0x0000000008007fdc                TIM14_IRQHandler
                0x0000000008007fdc                ADC_IRQHandler
                0x0000000008007fdc                DMA1_CH2_3_IRQHandler
                0x0000000008007fdc                TIM15_IRQHandler
                0x0000000008007fdc                EXTI0_1_IRQHandler
                0x0000000008007fdc                USB_IRQHandler
                0x0000000008007fdc                SPI2_IRQHandler
                0x0000000008007fdc                DMA1_CH1_IRQHandler
                0x0000000008007fdc                SVC_Handler
                0x0000000008007fdc                DMA1_CH4_5_IRQHandler
                0x0000000008007fdc                WWDG_IRQHandler
                0x0000000008007fdc                USART2_IRQHandler
                0x0000000008007fdc                FLASH_IRQHandler
                0x0000000008007fdc                TIM1_BRK_UP_TRG_COM_IRQHandler
                0x0000000008007fdc                USART3_4_5_6_IRQHandler
 *fill*         0x0000000008007fde        0x2 
 .text.__errno  0x0000000008007fe0        0xc c:/st/stm32cubeide_1.11.2/stm32cubeide/plugins/com.st.stm32cube.ide.mcu.externaltools.gnu-tools-for-stm32.10.3-2021.10.win32_1.0.100.202210260954/tools/bin/../lib/gcc/arm-none-eabi/10.3.1/../../../../arm-none-eabi/lib/thumb/v6-m/nofp\libc_nano.a(lib_a-errno.o)
                0x0000000008007fe0                __errno
 .text.__libc_init_array
                0x0000000008007fec       0x48 c:/st/stm32cubeide_1.11.2/stm32cubeide/plugins/com.st.stm32cube.ide.mcu.externaltools.gnu-tools-for-stm32.10.3-2021.10.win32_1.0.100.202210260954/tools/bin/../lib/gcc/arm-none-eabi/10.3.1/../../../../arm-none-eabi/lib/thumb/v6-m/nofp\libc_nano.a(lib_a-init.o)
                0x0000000008007fec                __libc_init_array
 .text.memset   0x0000000008008034       0x10 c:/st/stm32cubeide_1.11.2/stm32cubeide/plugins/com.st.stm32cube.ide.mcu.externaltools.gnu-tools-for-stm32.10.3-2021.10.win32_1.0.100.202210260954/tools/bin/../lib/gcc/arm-none-eabi/10.3.1/../../../../arm-none-eabi/lib/thumb/v6-m/nofp\libc_nano.a(lib_a-memset.o)
                0x0000000008008034                memset
 .text.pow      0x0000000008008044       0xdc c:/st/stm32cubeide_1.11.2/stm32cubeide/plugins/com.st.stm32cube.ide.mcu.externaltools.gnu-tools-for-stm32.10.3-2021.10.win32_1.0.100.202210260954/tools/bin/../lib/gcc/arm-none-eabi/10.3.1/../../../../arm-none-eabi/lib/thumb/v6-m/nofp\libm.a(lib_a-w_pow.o)
                0x0000000008008044                pow
 .text.__ieee754_pow
                0x0000000008008120      0xa14 c:/st/stm32cubeide_1.11.2/stm32cubeide/plugins/com.st.stm32cube.ide.mcu.externaltools.gnu-tools-for-stm32.10.3-2021.10.win32_1.0.100.202210260954/tools/bin/../lib/gcc/arm-none-eabi/10.3.1/../../../../arm-none-eabi/lib/thumb/v6-m/nofp\libm.a(lib_a-e_pow.o)
                0x0000000008008120                __ieee754_pow
 .text.__ieee754_sqrt
                0x0000000008008b34      0x16c c:/st/stm32cubeide_1.11.2/stm32cubeide/plugins/com.st.stm32cube.ide.mcu.externaltools.gnu-tools-for-stm32.10.3-2021.10.win32_1.0.100.202210260954/tools/bin/../lib/gcc/arm-none-eabi/10.3.1/../../../../arm-none-eabi/lib/thumb/v6-m/nofp\libm.a(lib_a-e_sqrt.o)
                0x0000000008008b34                __ieee754_sqrt
 .text.with_errno
                0x0000000008008ca0       0x14 c:/st/stm32cubeide_1.11.2/stm32cubeide/plugins/com.st.stm32cube.ide.mcu.externaltools.gnu-tools-for-stm32.10.3-2021.10.win32_1.0.100.202210260954/tools/bin/../lib/gcc/arm-none-eabi/10.3.1/../../../../arm-none-eabi/lib/thumb/v6-m/nofp\libm.a(lib_a-math_err.o)
 .text.xflow    0x0000000008008cb4       0x32 c:/st/stm32cubeide_1.11.2/stm32cubeide/plugins/com.st.stm32cube.ide.mcu.externaltools.gnu-tools-for-stm32.10.3-2021.10.win32_1.0.100.202210260954/tools/bin/../lib/gcc/arm-none-eabi/10.3.1/../../../../arm-none-eabi/lib/thumb/v6-m/nofp\libm.a(lib_a-math_err.o)
 .text.__math_uflow
                0x0000000008008ce6        0xe c:/st/stm32cubeide_1.11.2/stm32cubeide/plugins/com.st.stm32cube.ide.mcu.externaltools.gnu-tools-for-stm32.10.3-2021.10.win32_1.0.100.202210260954/tools/bin/../lib/gcc/arm-none-eabi/10.3.1/../../../../arm-none-eabi/lib/thumb/v6-m/nofp\libm.a(lib_a-math_err.o)
                0x0000000008008ce6                __math_uflow
 .text.__math_oflow
                0x0000000008008cf4        0xe c:/st/stm32cubeide_1.11.2/stm32cubeide/plugins/com.st.stm32cube.ide.mcu.externaltools.gnu-tools-for-stm32.10.3-2021.10.win32_1.0.100.202210260954/tools/bin/../lib/gcc/arm-none-eabi/10.3.1/../../../../arm-none-eabi/lib/thumb/v6-m/nofp\libm.a(lib_a-math_err.o)
                0x0000000008008cf4                __math_oflow
 .text.fabs     0x0000000008008d02        0x6 c:/st/stm32cubeide_1.11.2/stm32cubeide/plugins/com.st.stm32cube.ide.mcu.externaltools.gnu-tools-for-stm32.10.3-2021.10.win32_1.0.100.202210260954/tools/bin/../lib/gcc/arm-none-eabi/10.3.1/../../../../arm-none-eabi/lib/thumb/v6-m/nofp\libm.a(lib_a-s_fabs.o)
                0x0000000008008d02                fabs
 .text.finite   0x0000000008008d08       0x10 c:/st/stm32cubeide_1.11.2/stm32cubeide/plugins/com.st.stm32cube.ide.mcu.externaltools.gnu-tools-for-stm32.10.3-2021.10.win32_1.0.100.202210260954/tools/bin/../lib/gcc/arm-none-eabi/10.3.1/../../../../arm-none-eabi/lib/thumb/v6-m/nofp\libm.a(lib_a-s_finite.o)
                0x0000000008008d08                finite
 .text.scalbn   0x0000000008008d18       0xe8 c:/st/stm32cubeide_1.11.2/stm32cubeide/plugins/com.st.stm32cube.ide.mcu.externaltools.gnu-tools-for-stm32.10.3-2021.10.win32_1.0.100.202210260954/tools/bin/../lib/gcc/arm-none-eabi/10.3.1/../../../../arm-none-eabi/lib/thumb/v6-m/nofp\libm.a(lib_a-s_scalbn.o)
                0x0000000008008d18                scalbn
 *(.glue_7)
 .glue_7        0x0000000008008e00        0x0 linker stubs
 *(.glue_7t)
 .glue_7t       0x0000000008008e00        0x0 linker stubs
 *(.eh_frame)
 .eh_frame      0x0000000008008e00        0x0 c:/st/stm32cubeide_1.11.2/stm32cubeide/plugins/com.st.stm32cube.ide.mcu.externaltools.gnu-tools-for-stm32.10.3-2021.10.win32_1.0.100.202210260954/tools/bin/../lib/gcc/arm-none-eabi/10.3.1/thumb/v6-m/nofp/crtbegin.o
 *(.init)
 .init          0x0000000008008e00        0x4 c:/st/stm32cubeide_1.11.2/stm32cubeide/plugins/com.st.stm32cube.ide.mcu.externaltools.gnu-tools-for-stm32.10.3-2021.10.win32_1.0.100.202210260954/tools/bin/../lib/gcc/arm-none-eabi/10.3.1/thumb/v6-m/nofp/crti.o
                0x0000000008008e00                _init
 .init          0x0000000008008e04        0x8 c:/st/stm32cubeide_1.11.2/stm32cubeide/plugins/com.st.stm32cube.ide.mcu.externaltools.gnu-tools-for-stm32.10.3-2021.10.win32_1.0.100.202210260954/tools/bin/../lib/gcc/arm-none-eabi/10.3.1/thumb/v6-m/nofp/crtn.o
 *(.fini)
 .fini          0x0000000008008e0c        0x4 c:/st/stm32cubeide_1.11.2/stm32cubeide/plugins/com.st.stm32cube.ide.mcu.externaltools.gnu-tools-for-stm32.10.3-2021.10.win32_1.0.100.202210260954/tools/bin/../lib/gcc/arm-none-eabi/10.3.1/thumb/v6-m/nofp/crti.o
                0x0000000008008e0c                _fini
 .fini          0x0000000008008e10        0x8 c:/st/stm32cubeide_1.11.2/stm32cubeide/plugins/com.st.stm32cube.ide.mcu.externaltools.gnu-tools-for-stm32.10.3-2021.10.win32_1.0.100.202210260954/tools/bin/../lib/gcc/arm-none-eabi/10.3.1/thumb/v6-m/nofp/crtn.o
                0x0000000008008e18                . = ALIGN (0x4)
                0x0000000008008e18                _etext = .

.vfp11_veneer   0x0000000008008e18        0x0
 .vfp11_veneer  0x0000000008008e18        0x0 linker stubs

.v4_bx          0x0000000008008e18        0x0
 .v4_bx         0x0000000008008e18        0x0 linker stubs

.iplt           0x0000000008008e18        0x0
 .iplt          0x0000000008008e18        0x0 c:/st/stm32cubeide_1.11.2/stm32cubeide/plugins/com.st.stm32cube.ide.mcu.externaltools.gnu-tools-for-stm32.10.3-2021.10.win32_1.0.100.202210260954/tools/bin/../lib/gcc/arm-none-eabi/10.3.1/thumb/v6-m/nofp/crtbegin.o

.rodata         0x0000000008008e18     0x1840
                0x0000000008008e18                . = ALIGN (0x4)
 *(.rodata)
 .rodata        0x0000000008008e18        0x1 ./SDK_ROBI_STM32F0_1.0.0/shared/Middle/button/button.o
 *fill*         0x0000000008008e19        0x3 
 .rodata        0x0000000008008e1c        0xf ./SDK_ROBI_STM32F0_1.0.0/shared/Middle/motor/encoder.o
 *fill*         0x0000000008008e2b        0x1 
 .rodata        0x0000000008008e2c       0x4b ./Src/main.o
 *fill*         0x0000000008008e77        0x1 
 .rodata        0x0000000008008e78       0x40 c:/st/stm32cubeide_1.11.2/stm32cubeide/plugins/com.st.stm32cube.ide.mcu.externaltools.gnu-tools-for-stm32.10.3-2021.10.win32_1.0.100.202210260954/tools/bin/../lib/gcc/arm-none-eabi/10.3.1/thumb/v6-m/nofp\libgcc.a(mulsf3.o)
 .rodata        0x0000000008008eb8       0x40 c:/st/stm32cubeide_1.11.2/stm32cubeide/plugins/com.st.stm32cube.ide.mcu.externaltools.gnu-tools-for-stm32.10.3-2021.10.win32_1.0.100.202210260954/tools/bin/../lib/gcc/arm-none-eabi/10.3.1/thumb/v6-m/nofp\libgcc.a(divdf3.o)
 .rodata        0x0000000008008ef8       0x40 c:/st/stm32cubeide_1.11.2/stm32cubeide/plugins/com.st.stm32cube.ide.mcu.externaltools.gnu-tools-for-stm32.10.3-2021.10.win32_1.0.100.202210260954/tools/bin/../lib/gcc/arm-none-eabi/10.3.1/thumb/v6-m/nofp\libgcc.a(muldf3.o)
 *(.rodata*)
 .rodata.asc2_1206
                0x0000000008008f38      0x474 ./SDK_ROBI_STM32F0_1.0.0/shared/Middle/lcd/GUI.o
                0x0000000008008f38                asc2_1206
 .rodata.asc2_1608
                0x00000000080093ac      0x5f0 ./SDK_ROBI_STM32F0_1.0.0/shared/Middle/lcd/GUI.o
                0x00000000080093ac                asc2_1608
 .rodata.tfont16
                0x000000000800999c      0x83c ./SDK_ROBI_STM32F0_1.0.0/shared/Middle/lcd/GUI.o
                0x000000000800999c                tfont16
 .rodata.tfont24
                0x000000000800a1d8      0x206 ./SDK_ROBI_STM32F0_1.0.0/shared/Middle/lcd/GUI.o
                0x000000000800a1d8                tfont24
 *fill*         0x000000000800a3de        0x2 
 .rodata.tfont32
                0x000000000800a3e0      0x208 ./SDK_ROBI_STM32F0_1.0.0/shared/Middle/lcd/GUI.o
                0x000000000800a3e0                tfont32
 .rodata.LedControl_SetColorGeneral
                0x000000000800a5e8       0x14 ./SDK_ROBI_STM32F0_1.0.0/shared/Middle/led/led.o
 .rodata.DeviceStateMachine
                0x000000000800a5fc       0x2c ./Src/main.o
 .rodata.bp     0x000000000800a628       0x10 c:/st/stm32cubeide_1.11.2/stm32cubeide/plugins/com.st.stm32cube.ide.mcu.externaltools.gnu-tools-for-stm32.10.3-2021.10.win32_1.0.100.202210260954/tools/bin/../lib/gcc/arm-none-eabi/10.3.1/../../../../arm-none-eabi/lib/thumb/v6-m/nofp\libm.a(lib_a-e_pow.o)
 .rodata.dp_h   0x000000000800a638       0x10 c:/st/stm32cubeide_1.11.2/stm32cubeide/plugins/com.st.stm32cube.ide.mcu.externaltools.gnu-tools-for-stm32.10.3-2021.10.win32_1.0.100.202210260954/tools/bin/../lib/gcc/arm-none-eabi/10.3.1/../../../../arm-none-eabi/lib/thumb/v6-m/nofp\libm.a(lib_a-e_pow.o)
 .rodata.dp_l   0x000000000800a648       0x10 c:/st/stm32cubeide_1.11.2/stm32cubeide/plugins/com.st.stm32cube.ide.mcu.externaltools.gnu-tools-for-stm32.10.3-2021.10.win32_1.0.100.202210260954/tools/bin/../lib/gcc/arm-none-eabi/10.3.1/../../../../arm-none-eabi/lib/thumb/v6-m/nofp\libm.a(lib_a-e_pow.o)
                0x000000000800a658                . = ALIGN (0x4)

.rel.dyn        0x000000000800a658        0x0
 .rel.iplt      0x000000000800a658        0x0 c:/st/stm32cubeide_1.11.2/stm32cubeide/plugins/com.st.stm32cube.ide.mcu.externaltools.gnu-tools-for-stm32.10.3-2021.10.win32_1.0.100.202210260954/tools/bin/../lib/gcc/arm-none-eabi/10.3.1/thumb/v6-m/nofp/crtbegin.o

.ARM.extab      0x000000000800a658        0x0
                0x000000000800a658                . = ALIGN (0x4)
 *(.ARM.extab* .gnu.linkonce.armextab.*)
                0x000000000800a658                . = ALIGN (0x4)

.ARM            0x000000000800a658        0x0
                0x000000000800a658                . = ALIGN (0x4)
                0x000000000800a658                __exidx_start = .
 *(.ARM.exidx*)
                0x000000000800a658                __exidx_end = .
                0x000000000800a658                . = ALIGN (0x4)

.preinit_array  0x000000000800a658        0x0
                0x000000000800a658                . = ALIGN (0x4)
                0x000000000800a658                PROVIDE (__preinit_array_start = .)
 *(.preinit_array*)
                0x000000000800a658                PROVIDE (__preinit_array_end = .)
                0x000000000800a658                . = ALIGN (0x4)

.init_array     0x000000000800a658        0x4
                0x000000000800a658                . = ALIGN (0x4)
                0x000000000800a658                PROVIDE (__init_array_start = .)
 *(SORT_BY_NAME(.init_array.*))
 *(.init_array*)
 .init_array    0x000000000800a658        0x4 c:/st/stm32cubeide_1.11.2/stm32cubeide/plugins/com.st.stm32cube.ide.mcu.externaltools.gnu-tools-for-stm32.10.3-2021.10.win32_1.0.100.202210260954/tools/bin/../lib/gcc/arm-none-eabi/10.3.1/thumb/v6-m/nofp/crtbegin.o
                0x000000000800a65c                PROVIDE (__init_array_end = .)
                0x000000000800a65c                . = ALIGN (0x4)

.fini_array     0x000000000800a65c        0x4
                0x000000000800a65c                . = ALIGN (0x4)
                [!provide]                        PROVIDE (__fini_array_start = .)
 *(SORT_BY_NAME(.fini_array.*))
 *(.fini_array*)
 .fini_array    0x000000000800a65c        0x4 c:/st/stm32cubeide_1.11.2/stm32cubeide/plugins/com.st.stm32cube.ide.mcu.externaltools.gnu-tools-for-stm32.10.3-2021.10.win32_1.0.100.202210260954/tools/bin/../lib/gcc/arm-none-eabi/10.3.1/thumb/v6-m/nofp/crtbegin.o
                [!provide]                        PROVIDE (__fini_array_end = .)
                0x000000000800a660                . = ALIGN (0x4)
                0x000000000800a660                _sidata = LOADADDR (.data)

.data           0x0000000020000000       0xbc load address 0x000000000800a660
                0x0000000020000000                . = ALIGN (0x4)
                0x0000000020000000                _sdata = .
 *(.data)
 *(.data*)
 .data.SystemCoreClock
                0x0000000020000000        0x4 ./SDK_ROBI_STM32F0_1.0.0/shared/Drivers/CMSIS/Source/system_stm32f0xx.o
                0x0000000020000000                SystemCoreClock
 .data.AHBPrescTable
                0x0000000020000004       0x10 ./SDK_ROBI_STM32F0_1.0.0/shared/Drivers/CMSIS/Source/system_stm32f0xx.o
                0x0000000020000004                AHBPrescTable
 .data.APBAHBPrescTable
                0x0000000020000014       0x10 ./SDK_ROBI_STM32F0_1.0.0/shared/Drivers/STM32F0xx_StdPeriph_Driver/src/stm32f0xx_rcc.o
 .data.pinBtnPad
                0x0000000020000024       0x18 ./SDK_ROBI_STM32F0_1.0.0/shared/Middle/button/button.o
 .data.State    0x000000002000003c       0x10 ./SDK_ROBI_STM32F0_1.0.0/shared/Middle/motor/encoder.o
                0x000000002000003c                State
 .data.idTimerScanSpeed
                0x000000002000004c        0x1 ./SDK_ROBI_STM32F0_1.0.0/shared/Middle/motor/encoder.o
 *fill*         0x000000002000004d        0x3 
 .data.lfspeed  0x0000000020000050        0x4 ./SDK_ROBI_STM32F0_1.0.0/shared/Middle/motor/pid.o
                0x0000000020000050                lfspeed
 .data.idTimerLedRed
                0x0000000020000054        0x1 ./Src/main.o
 .data.idTimerLedGreen
                0x0000000020000055        0x1 ./Src/main.o
 .data.idTimerLedBlue
                0x0000000020000056        0x1 ./Src/main.o
 *fill*         0x0000000020000057        0x1 
 .data._impure_ptr
                0x0000000020000058        0x4 c:/st/stm32cubeide_1.11.2/stm32cubeide/plugins/com.st.stm32cube.ide.mcu.externaltools.gnu-tools-for-stm32.10.3-2021.10.win32_1.0.100.202210260954/tools/bin/../lib/gcc/arm-none-eabi/10.3.1/../../../../arm-none-eabi/lib/thumb/v6-m/nofp\libc_nano.a(lib_a-impure.o)
                0x0000000020000058                _impure_ptr
 .data.impure_data
                0x000000002000005c       0x60 c:/st/stm32cubeide_1.11.2/stm32cubeide/plugins/com.st.stm32cube.ide.mcu.externaltools.gnu-tools-for-stm32.10.3-2021.10.win32_1.0.100.202210260954/tools/bin/../lib/gcc/arm-none-eabi/10.3.1/../../../../arm-none-eabi/lib/thumb/v6-m/nofp\libc_nano.a(lib_a-impure.o)
 *(.RamFunc)
 *(.RamFunc*)
                0x00000000200000bc                . = ALIGN (0x4)
                0x00000000200000bc                _edata = .

.igot.plt       0x00000000200000bc        0x0 load address 0x000000000800a71c
 .igot.plt      0x00000000200000bc        0x0 c:/st/stm32cubeide_1.11.2/stm32cubeide/plugins/com.st.stm32cube.ide.mcu.externaltools.gnu-tools-for-stm32.10.3-2021.10.win32_1.0.100.202210260954/tools/bin/../lib/gcc/arm-none-eabi/10.3.1/thumb/v6-m/nofp/crtbegin.o
                0x00000000200000bc                . = ALIGN (0x4)

.bss            0x00000000200000bc      0x4bc load address 0x000000000800a71c
                0x00000000200000bc                _sbss = .
                0x00000000200000bc                __bss_start__ = _sbss
 *(.bss)
 .bss           0x00000000200000bc       0x1c c:/st/stm32cubeide_1.11.2/stm32cubeide/plugins/com.st.stm32cube.ide.mcu.externaltools.gnu-tools-for-stm32.10.3-2021.10.win32_1.0.100.202210260954/tools/bin/../lib/gcc/arm-none-eabi/10.3.1/thumb/v6-m/nofp/crtbegin.o
 *(.bss*)
 .bss.kpad      0x00000000200000d8       0x3c ./SDK_ROBI_STM32F0_1.0.0/shared/Middle/button/button.o
 .bss.pEventCallbacks
                0x0000000020000114       0x10 ./SDK_ROBI_STM32F0_1.0.0/shared/Middle/button/button.o
 .bss.bBuzzInit
                0x0000000020000124        0x1 ./SDK_ROBI_STM32F0_1.0.0/shared/Middle/buzzer/buzzer.o
 *fill*         0x0000000020000125        0x3 
 .bss.lcddev    0x0000000020000128        0xe ./SDK_ROBI_STM32F0_1.0.0/shared/Middle/lcd/lcd.o
                0x0000000020000128                lcddev
 .bss.POINT_COLOR
                0x0000000020000136        0x2 ./SDK_ROBI_STM32F0_1.0.0/shared/Middle/lcd/lcd.o
                0x0000000020000136                POINT_COLOR
 .bss.g_brightnessLed
                0x0000000020000138        0x1 ./SDK_ROBI_STM32F0_1.0.0/shared/Middle/led/led.o
 .bss.EncoderL_Val
                0x0000000020000139        0x1 ./SDK_ROBI_STM32F0_1.0.0/shared/Middle/motor/encoder.o
                0x0000000020000139                EncoderL_Val
 .bss.EncoderR_Val
                0x000000002000013a        0x1 ./SDK_ROBI_STM32F0_1.0.0/shared/Middle/motor/encoder.o
                0x000000002000013a                EncoderR_Val
 *fill*         0x000000002000013b        0x1 
 .bss.encoderL_temp
                0x000000002000013c        0x4 ./SDK_ROBI_STM32F0_1.0.0/shared/Middle/motor/encoder.o
                0x000000002000013c                encoderL_temp
 .bss.encoderR_temp
                0x0000000020000140        0x4 ./SDK_ROBI_STM32F0_1.0.0/shared/Middle/motor/encoder.o
                0x0000000020000140                encoderR_temp
 .bss.SpeedL_1ms
                0x0000000020000144        0x4 ./SDK_ROBI_STM32F0_1.0.0/shared/Middle/motor/encoder.o
                0x0000000020000144                SpeedL_1ms
 .bss.SpeedR_1ms
                0x0000000020000148        0x4 ./SDK_ROBI_STM32F0_1.0.0/shared/Middle/motor/encoder.o
                0x0000000020000148                SpeedR_1ms
 .bss.count     0x000000002000014c        0x2 ./SDK_ROBI_STM32F0_1.0.0/shared/Middle/motor/encoder.o
 .bss.stateEncoder
                0x000000002000014e        0x1 ./SDK_ROBI_STM32F0_1.0.0/shared/Middle/motor/encoder.o
                0x000000002000014e                stateEncoder
 *fill*         0x000000002000014f        0x1 
 .bss.AdcValuesThreshold
                0x0000000020000150        0xe ./SDK_ROBI_STM32F0_1.0.0/shared/Middle/motor/pid.o
                0x0000000020000150                AdcValuesThreshold
 *fill*         0x000000002000015e        0x2 
 .bss.P         0x0000000020000160        0x4 ./SDK_ROBI_STM32F0_1.0.0/shared/Middle/motor/pid.o
                0x0000000020000160                P
 .bss.I         0x0000000020000164        0x4 ./SDK_ROBI_STM32F0_1.0.0/shared/Middle/motor/pid.o
                0x0000000020000164                I
 .bss.D         0x0000000020000168        0x4 ./SDK_ROBI_STM32F0_1.0.0/shared/Middle/motor/pid.o
                0x0000000020000168                D
 .bss.previousError
                0x000000002000016c        0x4 ./SDK_ROBI_STM32F0_1.0.0/shared/Middle/motor/pid.o
                0x000000002000016c                previousError
 .bss.PIDvalue  0x0000000020000170        0x4 ./SDK_ROBI_STM32F0_1.0.0/shared/Middle/motor/pid.o
                0x0000000020000170                PIDvalue
 .bss.Kp        0x0000000020000174        0x4 ./SDK_ROBI_STM32F0_1.0.0/shared/Middle/motor/pid.o
                0x0000000020000174                Kp
 .bss.Ki        0x0000000020000178        0x4 ./SDK_ROBI_STM32F0_1.0.0/shared/Middle/motor/pid.o
                0x0000000020000178                Ki
 .bss.Kd        0x000000002000017c        0x4 ./SDK_ROBI_STM32F0_1.0.0/shared/Middle/motor/pid.o
                0x000000002000017c                Kd
 .bss.lsp       0x0000000020000180        0x4 ./SDK_ROBI_STM32F0_1.0.0/shared/Middle/motor/pid.o
                0x0000000020000180                lsp
 .bss.rsp       0x0000000020000184        0x4 ./SDK_ROBI_STM32F0_1.0.0/shared/Middle/motor/pid.o
                0x0000000020000184                rsp
 .bss.count     0x0000000020000188        0x1 ./SDK_ROBI_STM32F0_1.0.0/shared/Middle/motor/pid.o
                0x0000000020000188                count
 *fill*         0x0000000020000189        0x3 
 .bss.pAppStateFunc
                0x000000002000018c        0x4 ./SDK_ROBI_STM32F0_1.0.0/shared/Middle/rtos/eventman.o
 .bss.pBuffEvent
                0x0000000020000190      0x100 ./SDK_ROBI_STM32F0_1.0.0/shared/Middle/rtos/eventman.o
 .bss.eventQueue
                0x0000000020000290       0x10 ./SDK_ROBI_STM32F0_1.0.0/shared/Middle/rtos/eventman.o
 .bss.g_pTimerHandle
                0x00000000200002a0      0x180 ./SDK_ROBI_STM32F0_1.0.0/shared/Middle/rtos/timer.o
 .bss.g_wMilSecTickTimer
                0x0000000020000420        0x4 ./SDK_ROBI_STM32F0_1.0.0/shared/Middle/rtos/timer.o
 .bss.RegularConvData_Tab
                0x0000000020000424        0xe ./SDK_ROBI_STM32F0_1.0.0/shared/Middle/sensor/optical_sensor.o
 *fill*         0x0000000020000432        0x2 
 .bss.AdcValues_White
                0x0000000020000434        0xe ./SDK_ROBI_STM32F0_1.0.0/shared/Middle/sensor/optical_sensor.o
                0x0000000020000434                AdcValues_White
 *fill*         0x0000000020000442        0x2 
 .bss.AdcValues_Black
                0x0000000020000444        0xe ./SDK_ROBI_STM32F0_1.0.0/shared/Middle/sensor/optical_sensor.o
                0x0000000020000444                AdcValues_Black
 .bss.byRxBufState
                0x0000000020000452        0x1 ./SDK_ROBI_STM32F0_1.0.0/shared/Middle/serial/serial.o
 *fill*         0x0000000020000453        0x1 
 .bss.serialQueueRx
                0x0000000020000454       0x10 ./SDK_ROBI_STM32F0_1.0.0/shared/Middle/serial/serial.o
 .bss.pBuffDataRx
                0x0000000020000464      0x100 ./SDK_ROBI_STM32F0_1.0.0/shared/Middle/serial/serial.o
 .bss.g_pUartQueueRx
                0x0000000020000564        0x8 ./SDK_ROBI_STM32F0_1.0.0/shared/Middle/serial/serial.o
 .bss.eCurrentState
                0x000000002000056c        0x1 ./Src/main.o
 *fill*         0x000000002000056d        0x3 
 .bss.encoderL_speed
                0x0000000020000570        0x4 ./Src/main.o
                0x0000000020000570                encoderL_speed
 .bss.encoderR_speed
                0x0000000020000574        0x4 ./Src/main.o
                0x0000000020000574                encoderR_speed
 *(COMMON)
                0x0000000020000578                . = ALIGN (0x4)
                0x0000000020000578                _ebss = .
                0x0000000020000578                __bss_end__ = _ebss

._user_heap_stack
                0x0000000020000578      0x600 load address 0x000000000800a71c
                0x0000000020000578                . = ALIGN (0x8)
                [!provide]                        PROVIDE (end = .)
                0x0000000020000578                PROVIDE (_end = .)
                0x0000000020000778                . = (. + _Min_Heap_Size)
 *fill*         0x0000000020000578      0x200 
                0x0000000020000b78                . = (. + _Min_Stack_Size)
 *fill*         0x0000000020000778      0x400 
                0x0000000020000b78                . = ALIGN (0x8)

/DISCARD/
 libc.a(*)
 libm.a(*)
 libgcc.a(*)

.ARM.attributes
                0x0000000000000000       0x28
 *(.ARM.attributes)
 .ARM.attributes
                0x0000000000000000       0x1e c:/st/stm32cubeide_1.11.2/stm32cubeide/plugins/com.st.stm32cube.ide.mcu.externaltools.gnu-tools-for-stm32.10.3-2021.10.win32_1.0.100.202210260954/tools/bin/../lib/gcc/arm-none-eabi/10.3.1/thumb/v6-m/nofp/crti.o
 .ARM.attributes
                0x000000000000001e       0x2c c:/st/stm32cubeide_1.11.2/stm32cubeide/plugins/com.st.stm32cube.ide.mcu.externaltools.gnu-tools-for-stm32.10.3-2021.10.win32_1.0.100.202210260954/tools/bin/../lib/gcc/arm-none-eabi/10.3.1/thumb/v6-m/nofp/crtbegin.o
 .ARM.attributes
                0x000000000000004a       0x2c ./SDK_ROBI_STM32F0_1.0.0/shared/Drivers/CMSIS/Source/system_stm32f0xx.o
 .ARM.attributes
                0x0000000000000076       0x2c ./SDK_ROBI_STM32F0_1.0.0/shared/Drivers/STM32F0xx_StdPeriph_Driver/src/stm32f0xx_adc.o
 .ARM.attributes
                0x00000000000000a2       0x2c ./SDK_ROBI_STM32F0_1.0.0/shared/Drivers/STM32F0xx_StdPeriph_Driver/src/stm32f0xx_dma.o
 .ARM.attributes
                0x00000000000000ce       0x2c ./SDK_ROBI_STM32F0_1.0.0/shared/Drivers/STM32F0xx_StdPeriph_Driver/src/stm32f0xx_exti.o
 .ARM.attributes
                0x00000000000000fa       0x2c ./SDK_ROBI_STM32F0_1.0.0/shared/Drivers/STM32F0xx_StdPeriph_Driver/src/stm32f0xx_gpio.o
 .ARM.attributes
                0x0000000000000126       0x2c ./SDK_ROBI_STM32F0_1.0.0/shared/Drivers/STM32F0xx_StdPeriph_Driver/src/stm32f0xx_misc.o
 .ARM.attributes
                0x0000000000000152       0x2c ./SDK_ROBI_STM32F0_1.0.0/shared/Drivers/STM32F0xx_StdPeriph_Driver/src/stm32f0xx_rcc.o
 .ARM.attributes
                0x000000000000017e       0x2c ./SDK_ROBI_STM32F0_1.0.0/shared/Drivers/STM32F0xx_StdPeriph_Driver/src/stm32f0xx_spi.o
 .ARM.attributes
                0x00000000000001aa       0x2c ./SDK_ROBI_STM32F0_1.0.0/shared/Drivers/STM32F0xx_StdPeriph_Driver/src/stm32f0xx_syscfg.o
 .ARM.attributes
                0x00000000000001d6       0x2c ./SDK_ROBI_STM32F0_1.0.0/shared/Drivers/STM32F0xx_StdPeriph_Driver/src/stm32f0xx_tim.o
 .ARM.attributes
                0x0000000000000202       0x2c ./SDK_ROBI_STM32F0_1.0.0/shared/Drivers/STM32F0xx_StdPeriph_Driver/src/stm32f0xx_usart.o
 .ARM.attributes
                0x000000000000022e       0x2c ./SDK_ROBI_STM32F0_1.0.0/shared/Middle/button/button.o
 .ARM.attributes
                0x000000000000025a       0x2c ./SDK_ROBI_STM32F0_1.0.0/shared/Middle/button/eventbutton.o
 .ARM.attributes
                0x0000000000000286       0x2c ./SDK_ROBI_STM32F0_1.0.0/shared/Middle/buzzer/buzzer.o
 .ARM.attributes
                0x00000000000002b2       0x2c ./SDK_ROBI_STM32F0_1.0.0/shared/Middle/lcd/GUI.o
 .ARM.attributes
                0x00000000000002de       0x2c ./SDK_ROBI_STM32F0_1.0.0/shared/Middle/lcd/lcd.o
 .ARM.attributes
                0x000000000000030a       0x2c ./SDK_ROBI_STM32F0_1.0.0/shared/Middle/led/led.o
 .ARM.attributes
                0x0000000000000336       0x2c ./SDK_ROBI_STM32F0_1.0.0/shared/Middle/motor/encoder.o
 .ARM.attributes
                0x0000000000000362       0x2c ./SDK_ROBI_STM32F0_1.0.0/shared/Middle/motor/motor.o
 .ARM.attributes
                0x000000000000038e       0x2c ./SDK_ROBI_STM32F0_1.0.0/shared/Middle/motor/pid.o
 .ARM.attributes
                0x00000000000003ba       0x2c ./SDK_ROBI_STM32F0_1.0.0/shared/Middle/rtos/eventman.o
 .ARM.attributes
                0x00000000000003e6       0x2c ./SDK_ROBI_STM32F0_1.0.0/shared/Middle/rtos/timer.o
 .ARM.attributes
                0x0000000000000412       0x2c ./SDK_ROBI_STM32F0_1.0.0/shared/Middle/sensor/optical_sensor.o
 .ARM.attributes
                0x000000000000043e       0x2c ./SDK_ROBI_STM32F0_1.0.0/shared/Middle/serial/serial.o
 .ARM.attributes
                0x000000000000046a       0x2c ./SDK_ROBI_STM32F0_1.0.0/shared/Utilities/buff.o
 .ARM.attributes
                0x0000000000000496       0x2c ./SDK_ROBI_STM32F0_1.0.0/shared/Utilities/utilities.o
 .ARM.attributes
                0x00000000000004c2       0x2c ./Src/main.o
 .ARM.attributes
                0x00000000000004ee       0x21 ./Startup/startup_stm32f030c8tx.o
 .ARM.attributes
                0x000000000000050f       0x2c c:/st/stm32cubeide_1.11.2/stm32cubeide/plugins/com.st.stm32cube.ide.mcu.externaltools.gnu-tools-for-stm32.10.3-2021.10.win32_1.0.100.202210260954/tools/bin/../lib/gcc/arm-none-eabi/10.3.1/../../../../arm-none-eabi/lib/thumb/v6-m/nofp\libc_nano.a(lib_a-errno.o)
 .ARM.attributes
                0x000000000000053b       0x2c c:/st/stm32cubeide_1.11.2/stm32cubeide/plugins/com.st.stm32cube.ide.mcu.externaltools.gnu-tools-for-stm32.10.3-2021.10.win32_1.0.100.202210260954/tools/bin/../lib/gcc/arm-none-eabi/10.3.1/../../../../arm-none-eabi/lib/thumb/v6-m/nofp\libc_nano.a(lib_a-impure.o)
 .ARM.attributes
                0x0000000000000567       0x2c c:/st/stm32cubeide_1.11.2/stm32cubeide/plugins/com.st.stm32cube.ide.mcu.externaltools.gnu-tools-for-stm32.10.3-2021.10.win32_1.0.100.202210260954/tools/bin/../lib/gcc/arm-none-eabi/10.3.1/../../../../arm-none-eabi/lib/thumb/v6-m/nofp\libc_nano.a(lib_a-init.o)
 .ARM.attributes
                0x0000000000000593       0x2c c:/st/stm32cubeide_1.11.2/stm32cubeide/plugins/com.st.stm32cube.ide.mcu.externaltools.gnu-tools-for-stm32.10.3-2021.10.win32_1.0.100.202210260954/tools/bin/../lib/gcc/arm-none-eabi/10.3.1/../../../../arm-none-eabi/lib/thumb/v6-m/nofp\libc_nano.a(lib_a-memset.o)
 .ARM.attributes
                0x00000000000005bf       0x1c c:/st/stm32cubeide_1.11.2/stm32cubeide/plugins/com.st.stm32cube.ide.mcu.externaltools.gnu-tools-for-stm32.10.3-2021.10.win32_1.0.100.202210260954/tools/bin/../lib/gcc/arm-none-eabi/10.3.1/../../../../arm-none-eabi/lib/thumb/v6-m/nofp\libc_nano.a(lib_a-strlen.o)
 .ARM.attributes
                0x00000000000005db       0x2c c:/st/stm32cubeide_1.11.2/stm32cubeide/plugins/com.st.stm32cube.ide.mcu.externaltools.gnu-tools-for-stm32.10.3-2021.10.win32_1.0.100.202210260954/tools/bin/../lib/gcc/arm-none-eabi/10.3.1/../../../../arm-none-eabi/lib/thumb/v6-m/nofp\libm.a(lib_a-w_pow.o)
 .ARM.attributes
                0x0000000000000607       0x2c c:/st/stm32cubeide_1.11.2/stm32cubeide/plugins/com.st.stm32cube.ide.mcu.externaltools.gnu-tools-for-stm32.10.3-2021.10.win32_1.0.100.202210260954/tools/bin/../lib/gcc/arm-none-eabi/10.3.1/../../../../arm-none-eabi/lib/thumb/v6-m/nofp\libm.a(lib_a-e_pow.o)
 .ARM.attributes
                0x0000000000000633       0x2c c:/st/stm32cubeide_1.11.2/stm32cubeide/plugins/com.st.stm32cube.ide.mcu.externaltools.gnu-tools-for-stm32.10.3-2021.10.win32_1.0.100.202210260954/tools/bin/../lib/gcc/arm-none-eabi/10.3.1/../../../../arm-none-eabi/lib/thumb/v6-m/nofp\libm.a(lib_a-e_sqrt.o)
 .ARM.attributes
                0x000000000000065f       0x2c c:/st/stm32cubeide_1.11.2/stm32cubeide/plugins/com.st.stm32cube.ide.mcu.externaltools.gnu-tools-for-stm32.10.3-2021.10.win32_1.0.100.202210260954/tools/bin/../lib/gcc/arm-none-eabi/10.3.1/../../../../arm-none-eabi/lib/thumb/v6-m/nofp\libm.a(lib_a-math_err.o)
 .ARM.attributes
                0x000000000000068b       0x2c c:/st/stm32cubeide_1.11.2/stm32cubeide/plugins/com.st.stm32cube.ide.mcu.externaltools.gnu-tools-for-stm32.10.3-2021.10.win32_1.0.100.202210260954/tools/bin/../lib/gcc/arm-none-eabi/10.3.1/../../../../arm-none-eabi/lib/thumb/v6-m/nofp\libm.a(lib_a-s_fabs.o)
 .ARM.attributes
                0x00000000000006b7       0x2c c:/st/stm32cubeide_1.11.2/stm32cubeide/plugins/com.st.stm32cube.ide.mcu.externaltools.gnu-tools-for-stm32.10.3-2021.10.win32_1.0.100.202210260954/tools/bin/../lib/gcc/arm-none-eabi/10.3.1/../../../../arm-none-eabi/lib/thumb/v6-m/nofp\libm.a(lib_a-s_finite.o)
 .ARM.attributes
                0x00000000000006e3       0x2c c:/st/stm32cubeide_1.11.2/stm32cubeide/plugins/com.st.stm32cube.ide.mcu.externaltools.gnu-tools-for-stm32.10.3-2021.10.win32_1.0.100.202210260954/tools/bin/../lib/gcc/arm-none-eabi/10.3.1/../../../../arm-none-eabi/lib/thumb/v6-m/nofp\libm.a(lib_a-s_scalbn.o)
 .ARM.attributes
                0x000000000000070f       0x1e c:/st/stm32cubeide_1.11.2/stm32cubeide/plugins/com.st.stm32cube.ide.mcu.externaltools.gnu-tools-for-stm32.10.3-2021.10.win32_1.0.100.202210260954/tools/bin/../lib/gcc/arm-none-eabi/10.3.1/thumb/v6-m/nofp\libgcc.a(_udivsi3.o)
 .ARM.attributes
                0x000000000000072d       0x1e c:/st/stm32cubeide_1.11.2/stm32cubeide/plugins/com.st.stm32cube.ide.mcu.externaltools.gnu-tools-for-stm32.10.3-2021.10.win32_1.0.100.202210260954/tools/bin/../lib/gcc/arm-none-eabi/10.3.1/thumb/v6-m/nofp\libgcc.a(_divsi3.o)
 .ARM.attributes
                0x000000000000074b       0x1e c:/st/stm32cubeide_1.11.2/stm32cubeide/plugins/com.st.stm32cube.ide.mcu.externaltools.gnu-tools-for-stm32.10.3-2021.10.win32_1.0.100.202210260954/tools/bin/../lib/gcc/arm-none-eabi/10.3.1/thumb/v6-m/nofp\libgcc.a(_dvmd_tls.o)
 .ARM.attributes
                0x0000000000000769       0x1e c:/st/stm32cubeide_1.11.2/stm32cubeide/plugins/com.st.stm32cube.ide.mcu.externaltools.gnu-tools-for-stm32.10.3-2021.10.win32_1.0.100.202210260954/tools/bin/../lib/gcc/arm-none-eabi/10.3.1/thumb/v6-m/nofp\libgcc.a(_arm_cmpdf2.o)
 .ARM.attributes
                0x0000000000000787       0x2c c:/st/stm32cubeide_1.11.2/stm32cubeide/plugins/com.st.stm32cube.ide.mcu.externaltools.gnu-tools-for-stm32.10.3-2021.10.win32_1.0.100.202210260954/tools/bin/../lib/gcc/arm-none-eabi/10.3.1/thumb/v6-m/nofp\libgcc.a(addsf3.o)
 .ARM.attributes
                0x00000000000007b3       0x2c c:/st/stm32cubeide_1.11.2/stm32cubeide/plugins/com.st.stm32cube.ide.mcu.externaltools.gnu-tools-for-stm32.10.3-2021.10.win32_1.0.100.202210260954/tools/bin/../lib/gcc/arm-none-eabi/10.3.1/thumb/v6-m/nofp\libgcc.a(mulsf3.o)
 .ARM.attributes
                0x00000000000007df       0x2c c:/st/stm32cubeide_1.11.2/stm32cubeide/plugins/com.st.stm32cube.ide.mcu.externaltools.gnu-tools-for-stm32.10.3-2021.10.win32_1.0.100.202210260954/tools/bin/../lib/gcc/arm-none-eabi/10.3.1/thumb/v6-m/nofp\libgcc.a(subsf3.o)
 .ARM.attributes
                0x000000000000080b       0x2c c:/st/stm32cubeide_1.11.2/stm32cubeide/plugins/com.st.stm32cube.ide.mcu.externaltools.gnu-tools-for-stm32.10.3-2021.10.win32_1.0.100.202210260954/tools/bin/../lib/gcc/arm-none-eabi/10.3.1/thumb/v6-m/nofp\libgcc.a(fixsfsi.o)
 .ARM.attributes
                0x0000000000000837       0x2c c:/st/stm32cubeide_1.11.2/stm32cubeide/plugins/com.st.stm32cube.ide.mcu.externaltools.gnu-tools-for-stm32.10.3-2021.10.win32_1.0.100.202210260954/tools/bin/../lib/gcc/arm-none-eabi/10.3.1/thumb/v6-m/nofp\libgcc.a(floatsisf.o)
 .ARM.attributes
                0x0000000000000863       0x2c c:/st/stm32cubeide_1.11.2/stm32cubeide/plugins/com.st.stm32cube.ide.mcu.externaltools.gnu-tools-for-stm32.10.3-2021.10.win32_1.0.100.202210260954/tools/bin/../lib/gcc/arm-none-eabi/10.3.1/thumb/v6-m/nofp\libgcc.a(adddf3.o)
 .ARM.attributes
                0x000000000000088f       0x2c c:/st/stm32cubeide_1.11.2/stm32cubeide/plugins/com.st.stm32cube.ide.mcu.externaltools.gnu-tools-for-stm32.10.3-2021.10.win32_1.0.100.202210260954/tools/bin/../lib/gcc/arm-none-eabi/10.3.1/thumb/v6-m/nofp\libgcc.a(divdf3.o)
 .ARM.attributes
                0x00000000000008bb       0x2c c:/st/stm32cubeide_1.11.2/stm32cubeide/plugins/com.st.stm32cube.ide.mcu.externaltools.gnu-tools-for-stm32.10.3-2021.10.win32_1.0.100.202210260954/tools/bin/../lib/gcc/arm-none-eabi/10.3.1/thumb/v6-m/nofp\libgcc.a(eqdf2.o)
 .ARM.attributes
                0x00000000000008e7       0x2c c:/st/stm32cubeide_1.11.2/stm32cubeide/plugins/com.st.stm32cube.ide.mcu.externaltools.gnu-tools-for-stm32.10.3-2021.10.win32_1.0.100.202210260954/tools/bin/../lib/gcc/arm-none-eabi/10.3.1/thumb/v6-m/nofp\libgcc.a(gedf2.o)
 .ARM.attributes
                0x0000000000000913       0x2c c:/st/stm32cubeide_1.11.2/stm32cubeide/plugins/com.st.stm32cube.ide.mcu.externaltools.gnu-tools-for-stm32.10.3-2021.10.win32_1.0.100.202210260954/tools/bin/../lib/gcc/arm-none-eabi/10.3.1/thumb/v6-m/nofp\libgcc.a(ledf2.o)
 .ARM.attributes
                0x000000000000093f       0x2c c:/st/stm32cubeide_1.11.2/stm32cubeide/plugins/com.st.stm32cube.ide.mcu.externaltools.gnu-tools-for-stm32.10.3-2021.10.win32_1.0.100.202210260954/tools/bin/../lib/gcc/arm-none-eabi/10.3.1/thumb/v6-m/nofp\libgcc.a(muldf3.o)
 .ARM.attributes
                0x000000000000096b       0x2c c:/st/stm32cubeide_1.11.2/stm32cubeide/plugins/com.st.stm32cube.ide.mcu.externaltools.gnu-tools-for-stm32.10.3-2021.10.win32_1.0.100.202210260954/tools/bin/../lib/gcc/arm-none-eabi/10.3.1/thumb/v6-m/nofp\libgcc.a(subdf3.o)
 .ARM.attributes
                0x0000000000000997       0x2c c:/st/stm32cubeide_1.11.2/stm32cubeide/plugins/com.st.stm32cube.ide.mcu.externaltools.gnu-tools-for-stm32.10.3-2021.10.win32_1.0.100.202210260954/tools/bin/../lib/gcc/arm-none-eabi/10.3.1/thumb/v6-m/nofp\libgcc.a(unorddf2.o)
 .ARM.attributes
                0x00000000000009c3       0x2c c:/st/stm32cubeide_1.11.2/stm32cubeide/plugins/com.st.stm32cube.ide.mcu.externaltools.gnu-tools-for-stm32.10.3-2021.10.win32_1.0.100.202210260954/tools/bin/../lib/gcc/arm-none-eabi/10.3.1/thumb/v6-m/nofp\libgcc.a(fixdfsi.o)
 .ARM.attributes
                0x00000000000009ef       0x2c c:/st/stm32cubeide_1.11.2/stm32cubeide/plugins/com.st.stm32cube.ide.mcu.externaltools.gnu-tools-for-stm32.10.3-2021.10.win32_1.0.100.202210260954/tools/bin/../lib/gcc/arm-none-eabi/10.3.1/thumb/v6-m/nofp\libgcc.a(floatsidf.o)
 .ARM.attributes
                0x0000000000000a1b       0x2c c:/st/stm32cubeide_1.11.2/stm32cubeide/plugins/com.st.stm32cube.ide.mcu.externaltools.gnu-tools-for-stm32.10.3-2021.10.win32_1.0.100.202210260954/tools/bin/../lib/gcc/arm-none-eabi/10.3.1/thumb/v6-m/nofp\libgcc.a(truncdfsf2.o)
 .ARM.attributes
                0x0000000000000a47       0x1e c:/st/stm32cubeide_1.11.2/stm32cubeide/plugins/com.st.stm32cube.ide.mcu.externaltools.gnu-tools-for-stm32.10.3-2021.10.win32_1.0.100.202210260954/tools/bin/../lib/gcc/arm-none-eabi/10.3.1/thumb/v6-m/nofp\libgcc.a(_clzsi2.o)
 .ARM.attributes
                0x0000000000000a65       0x1e c:/st/stm32cubeide_1.11.2/stm32cubeide/plugins/com.st.stm32cube.ide.mcu.externaltools.gnu-tools-for-stm32.10.3-2021.10.win32_1.0.100.202210260954/tools/bin/../lib/gcc/arm-none-eabi/10.3.1/thumb/v6-m/nofp/crtn.o
OUTPUT(robi_exam.elf elf32-littlearm)
LOAD linker stubs
LOAD c:/st/stm32cubeide_1.11.2/stm32cubeide/plugins/com.st.stm32cube.ide.mcu.externaltools.gnu-tools-for-stm32.10.3-2021.10.win32_1.0.100.202210260954/tools/bin/../lib/gcc/arm-none-eabi/10.3.1/../../../../arm-none-eabi/lib/thumb/v6-m/nofp\libc.a
LOAD c:/st/stm32cubeide_1.11.2/stm32cubeide/plugins/com.st.stm32cube.ide.mcu.externaltools.gnu-tools-for-stm32.10.3-2021.10.win32_1.0.100.202210260954/tools/bin/../lib/gcc/arm-none-eabi/10.3.1/../../../../arm-none-eabi/lib/thumb/v6-m/nofp\libm.a
LOAD c:/st/stm32cubeide_1.11.2/stm32cubeide/plugins/com.st.stm32cube.ide.mcu.externaltools.gnu-tools-for-stm32.10.3-2021.10.win32_1.0.100.202210260954/tools/bin/../lib/gcc/arm-none-eabi/10.3.1/thumb/v6-m/nofp\libgcc.a

.debug_info     0x0000000000000000     0xe62e
 .debug_info    0x0000000000000000      0x334 ./SDK_ROBI_STM32F0_1.0.0/shared/Drivers/CMSIS/Source/system_stm32f0xx.o
 .debug_info    0x0000000000000334      0x96b ./SDK_ROBI_STM32F0_1.0.0/shared/Drivers/STM32F0xx_StdPeriph_Driver/src/stm32f0xx_adc.o
 .debug_info    0x0000000000000c9f      0x4fd ./SDK_ROBI_STM32F0_1.0.0/shared/Drivers/STM32F0xx_StdPeriph_Driver/src/stm32f0xx_dma.o
 .debug_info    0x000000000000119c      0x351 ./SDK_ROBI_STM32F0_1.0.0/shared/Drivers/STM32F0xx_StdPeriph_Driver/src/stm32f0xx_exti.o
 .debug_info    0x00000000000014ed      0x668 ./SDK_ROBI_STM32F0_1.0.0/shared/Drivers/STM32F0xx_StdPeriph_Driver/src/stm32f0xx_gpio.o
 .debug_info    0x0000000000001b55      0x395 ./SDK_ROBI_STM32F0_1.0.0/shared/Drivers/STM32F0xx_StdPeriph_Driver/src/stm32f0xx_misc.o
 .debug_info    0x0000000000001eea      0xaf4 ./SDK_ROBI_STM32F0_1.0.0/shared/Drivers/STM32F0xx_StdPeriph_Driver/src/stm32f0xx_rcc.o
 .debug_info    0x00000000000029de      0xbaf ./SDK_ROBI_STM32F0_1.0.0/shared/Drivers/STM32F0xx_StdPeriph_Driver/src/stm32f0xx_spi.o
 .debug_info    0x000000000000358d      0x371 ./SDK_ROBI_STM32F0_1.0.0/shared/Drivers/STM32F0xx_StdPeriph_Driver/src/stm32f0xx_syscfg.o
 .debug_info    0x00000000000038fe     0x1e5c ./SDK_ROBI_STM32F0_1.0.0/shared/Drivers/STM32F0xx_StdPeriph_Driver/src/stm32f0xx_tim.o
 .debug_info    0x000000000000575a      0xf84 ./SDK_ROBI_STM32F0_1.0.0/shared/Drivers/STM32F0xx_StdPeriph_Driver/src/stm32f0xx_usart.o
 .debug_info    0x00000000000066de      0x705 ./SDK_ROBI_STM32F0_1.0.0/shared/Middle/button/button.o
 .debug_info    0x0000000000006de3      0x41b ./SDK_ROBI_STM32F0_1.0.0/shared/Middle/button/eventbutton.o
 .debug_info    0x00000000000071fe      0x95e ./SDK_ROBI_STM32F0_1.0.0/shared/Middle/buzzer/buzzer.o
 .debug_info    0x0000000000007b5c     0x16fb ./SDK_ROBI_STM32F0_1.0.0/shared/Middle/lcd/GUI.o
 .debug_info    0x0000000000009257      0x9ba ./SDK_ROBI_STM32F0_1.0.0/shared/Middle/lcd/lcd.o
 .debug_info    0x0000000000009c11      0x81a ./SDK_ROBI_STM32F0_1.0.0/shared/Middle/led/led.o
 .debug_info    0x000000000000a42b      0x8a6 ./SDK_ROBI_STM32F0_1.0.0/shared/Middle/motor/encoder.o
 .debug_info    0x000000000000acd1      0x865 ./SDK_ROBI_STM32F0_1.0.0/shared/Middle/motor/motor.o
 .debug_info    0x000000000000b536      0x2bb ./SDK_ROBI_STM32F0_1.0.0/shared/Middle/motor/pid.o
 .debug_info    0x000000000000b7f1      0x27a ./SDK_ROBI_STM32F0_1.0.0/shared/Middle/rtos/eventman.o
 .debug_info    0x000000000000ba6b      0x7df ./SDK_ROBI_STM32F0_1.0.0/shared/Middle/rtos/timer.o
 .debug_info    0x000000000000c24a      0x992 ./SDK_ROBI_STM32F0_1.0.0/shared/Middle/sensor/optical_sensor.o
 .debug_info    0x000000000000cbdc      0xd16 ./SDK_ROBI_STM32F0_1.0.0/shared/Middle/serial/serial.o
 .debug_info    0x000000000000d8f2      0x335 ./SDK_ROBI_STM32F0_1.0.0/shared/Utilities/buff.o
 .debug_info    0x000000000000dc27      0x36a ./SDK_ROBI_STM32F0_1.0.0/shared/Utilities/utilities.o
 .debug_info    0x000000000000df91      0x67b ./Src/main.o
 .debug_info    0x000000000000e60c       0x22 ./Startup/startup_stm32f030c8tx.o

.debug_abbrev   0x0000000000000000     0x3337
 .debug_abbrev  0x0000000000000000      0x179 ./SDK_ROBI_STM32F0_1.0.0/shared/Drivers/CMSIS/Source/system_stm32f0xx.o
 .debug_abbrev  0x0000000000000179      0x1b3 ./SDK_ROBI_STM32F0_1.0.0/shared/Drivers/STM32F0xx_StdPeriph_Driver/src/stm32f0xx_adc.o
 .debug_abbrev  0x000000000000032c      0x197 ./SDK_ROBI_STM32F0_1.0.0/shared/Drivers/STM32F0xx_StdPeriph_Driver/src/stm32f0xx_dma.o
 .debug_abbrev  0x00000000000004c3      0x1c7 ./SDK_ROBI_STM32F0_1.0.0/shared/Drivers/STM32F0xx_StdPeriph_Driver/src/stm32f0xx_exti.o
 .debug_abbrev  0x000000000000068a      0x1ce ./SDK_ROBI_STM32F0_1.0.0/shared/Drivers/STM32F0xx_StdPeriph_Driver/src/stm32f0xx_gpio.o
 .debug_abbrev  0x0000000000000858      0x150 ./SDK_ROBI_STM32F0_1.0.0/shared/Drivers/STM32F0xx_StdPeriph_Driver/src/stm32f0xx_misc.o
 .debug_abbrev  0x00000000000009a8      0x21f ./SDK_ROBI_STM32F0_1.0.0/shared/Drivers/STM32F0xx_StdPeriph_Driver/src/stm32f0xx_rcc.o
 .debug_abbrev  0x0000000000000bc7      0x1ce ./SDK_ROBI_STM32F0_1.0.0/shared/Drivers/STM32F0xx_StdPeriph_Driver/src/stm32f0xx_spi.o
 .debug_abbrev  0x0000000000000d95      0x16e ./SDK_ROBI_STM32F0_1.0.0/shared/Drivers/STM32F0xx_StdPeriph_Driver/src/stm32f0xx_syscfg.o
 .debug_abbrev  0x0000000000000f03      0x1bb ./SDK_ROBI_STM32F0_1.0.0/shared/Drivers/STM32F0xx_StdPeriph_Driver/src/stm32f0xx_tim.o
 .debug_abbrev  0x00000000000010be      0x1a1 ./SDK_ROBI_STM32F0_1.0.0/shared/Drivers/STM32F0xx_StdPeriph_Driver/src/stm32f0xx_usart.o
 .debug_abbrev  0x000000000000125f      0x26d ./SDK_ROBI_STM32F0_1.0.0/shared/Middle/button/button.o
 .debug_abbrev  0x00000000000014cc      0x13b ./SDK_ROBI_STM32F0_1.0.0/shared/Middle/button/eventbutton.o
 .debug_abbrev  0x0000000000001607      0x1f5 ./SDK_ROBI_STM32F0_1.0.0/shared/Middle/buzzer/buzzer.o
 .debug_abbrev  0x00000000000017fc      0x297 ./SDK_ROBI_STM32F0_1.0.0/shared/Middle/lcd/GUI.o
 .debug_abbrev  0x0000000000001a93      0x275 ./SDK_ROBI_STM32F0_1.0.0/shared/Middle/lcd/lcd.o
 .debug_abbrev  0x0000000000001d08      0x267 ./SDK_ROBI_STM32F0_1.0.0/shared/Middle/led/led.o
 .debug_abbrev  0x0000000000001f6f      0x299 ./SDK_ROBI_STM32F0_1.0.0/shared/Middle/motor/encoder.o
 .debug_abbrev  0x0000000000002208      0x1a1 ./SDK_ROBI_STM32F0_1.0.0/shared/Middle/motor/motor.o
 .debug_abbrev  0x00000000000023a9      0x166 ./SDK_ROBI_STM32F0_1.0.0/shared/Middle/motor/pid.o
 .debug_abbrev  0x000000000000250f      0x155 ./SDK_ROBI_STM32F0_1.0.0/shared/Middle/rtos/eventman.o
 .debug_abbrev  0x0000000000002664      0x2cf ./SDK_ROBI_STM32F0_1.0.0/shared/Middle/rtos/timer.o
 .debug_abbrev  0x0000000000002933      0x26c ./SDK_ROBI_STM32F0_1.0.0/shared/Middle/sensor/optical_sensor.o
 .debug_abbrev  0x0000000000002b9f      0x347 ./SDK_ROBI_STM32F0_1.0.0/shared/Middle/serial/serial.o
 .debug_abbrev  0x0000000000002ee6      0x131 ./SDK_ROBI_STM32F0_1.0.0/shared/Utilities/buff.o
 .debug_abbrev  0x0000000000003017      0x10d ./SDK_ROBI_STM32F0_1.0.0/shared/Utilities/utilities.o
 .debug_abbrev  0x0000000000003124      0x201 ./Src/main.o
 .debug_abbrev  0x0000000000003325       0x12 ./Startup/startup_stm32f030c8tx.o

.debug_aranges  0x0000000000000000     0x10e0
 .debug_aranges
                0x0000000000000000       0x30 ./SDK_ROBI_STM32F0_1.0.0/shared/Drivers/CMSIS/Source/system_stm32f0xx.o
 .debug_aranges
                0x0000000000000030      0x108 ./SDK_ROBI_STM32F0_1.0.0/shared/Drivers/STM32F0xx_StdPeriph_Driver/src/stm32f0xx_adc.o
 .debug_aranges
                0x0000000000000138       0x78 ./SDK_ROBI_STM32F0_1.0.0/shared/Drivers/STM32F0xx_StdPeriph_Driver/src/stm32f0xx_dma.o
 .debug_aranges
                0x00000000000001b0       0x58 ./SDK_ROBI_STM32F0_1.0.0/shared/Drivers/STM32F0xx_StdPeriph_Driver/src/stm32f0xx_exti.o
 .debug_aranges
                0x0000000000000208       0x80 ./SDK_ROBI_STM32F0_1.0.0/shared/Drivers/STM32F0xx_StdPeriph_Driver/src/stm32f0xx_gpio.o
 .debug_aranges
                0x0000000000000288       0x30 ./SDK_ROBI_STM32F0_1.0.0/shared/Drivers/STM32F0xx_StdPeriph_Driver/src/stm32f0xx_misc.o
 .debug_aranges
                0x00000000000002b8      0x160 ./SDK_ROBI_STM32F0_1.0.0/shared/Drivers/STM32F0xx_StdPeriph_Driver/src/stm32f0xx_rcc.o
 .debug_aranges
                0x0000000000000418      0x110 ./SDK_ROBI_STM32F0_1.0.0/shared/Drivers/STM32F0xx_StdPeriph_Driver/src/stm32f0xx_spi.o
 .debug_aranges
                0x0000000000000528       0x68 ./SDK_ROBI_STM32F0_1.0.0/shared/Drivers/STM32F0xx_StdPeriph_Driver/src/stm32f0xx_syscfg.o
 .debug_aranges
                0x0000000000000590      0x300 ./SDK_ROBI_STM32F0_1.0.0/shared/Drivers/STM32F0xx_StdPeriph_Driver/src/stm32f0xx_tim.o
 .debug_aranges
                0x0000000000000890      0x1a0 ./SDK_ROBI_STM32F0_1.0.0/shared/Drivers/STM32F0xx_StdPeriph_Driver/src/stm32f0xx_usart.o
 .debug_aranges
                0x0000000000000a30       0x58 ./SDK_ROBI_STM32F0_1.0.0/shared/Middle/button/button.o
 .debug_aranges
                0x0000000000000a88       0x48 ./SDK_ROBI_STM32F0_1.0.0/shared/Middle/button/eventbutton.o
 .debug_aranges
                0x0000000000000ad0       0x60 ./SDK_ROBI_STM32F0_1.0.0/shared/Middle/buzzer/buzzer.o
 .debug_aranges
                0x0000000000000b30      0x120 ./SDK_ROBI_STM32F0_1.0.0/shared/Middle/lcd/GUI.o
 .debug_aranges
                0x0000000000000c50       0xa0 ./SDK_ROBI_STM32F0_1.0.0/shared/Middle/lcd/lcd.o
 .debug_aranges
                0x0000000000000cf0       0x70 ./SDK_ROBI_STM32F0_1.0.0/shared/Middle/led/led.o
 .debug_aranges
                0x0000000000000d60       0x50 ./SDK_ROBI_STM32F0_1.0.0/shared/Middle/motor/encoder.o
 .debug_aranges
                0x0000000000000db0       0x40 ./SDK_ROBI_STM32F0_1.0.0/shared/Middle/motor/motor.o
 .debug_aranges
                0x0000000000000df0       0x38 ./SDK_ROBI_STM32F0_1.0.0/shared/Middle/motor/pid.o
 .debug_aranges
                0x0000000000000e28       0x30 ./SDK_ROBI_STM32F0_1.0.0/shared/Middle/rtos/eventman.o
 .debug_aranges
                0x0000000000000e58       0x70 ./SDK_ROBI_STM32F0_1.0.0/shared/Middle/rtos/timer.o
 .debug_aranges
                0x0000000000000ec8       0x50 ./SDK_ROBI_STM32F0_1.0.0/shared/Middle/sensor/optical_sensor.o
 .debug_aranges
                0x0000000000000f18       0x88 ./SDK_ROBI_STM32F0_1.0.0/shared/Middle/serial/serial.o
 .debug_aranges
                0x0000000000000fa0       0x50 ./SDK_ROBI_STM32F0_1.0.0/shared/Utilities/buff.o
 .debug_aranges
                0x0000000000000ff0       0x58 ./SDK_ROBI_STM32F0_1.0.0/shared/Utilities/utilities.o
 .debug_aranges
                0x0000000000001048       0x70 ./Src/main.o
 .debug_aranges
                0x00000000000010b8       0x28 ./Startup/startup_stm32f030c8tx.o

.debug_ranges   0x0000000000000000      0xf28
 .debug_ranges  0x0000000000000000       0x20 ./SDK_ROBI_STM32F0_1.0.0/shared/Drivers/CMSIS/Source/system_stm32f0xx.o
 .debug_ranges  0x0000000000000020       0xf8 ./SDK_ROBI_STM32F0_1.0.0/shared/Drivers/STM32F0xx_StdPeriph_Driver/src/stm32f0xx_adc.o
 .debug_ranges  0x0000000000000118       0x68 ./SDK_ROBI_STM32F0_1.0.0/shared/Drivers/STM32F0xx_StdPeriph_Driver/src/stm32f0xx_dma.o
 .debug_ranges  0x0000000000000180       0x48 ./SDK_ROBI_STM32F0_1.0.0/shared/Drivers/STM32F0xx_StdPeriph_Driver/src/stm32f0xx_exti.o
 .debug_ranges  0x00000000000001c8       0x70 ./SDK_ROBI_STM32F0_1.0.0/shared/Drivers/STM32F0xx_StdPeriph_Driver/src/stm32f0xx_gpio.o
 .debug_ranges  0x0000000000000238       0x20 ./SDK_ROBI_STM32F0_1.0.0/shared/Drivers/STM32F0xx_StdPeriph_Driver/src/stm32f0xx_misc.o
 .debug_ranges  0x0000000000000258      0x150 ./SDK_ROBI_STM32F0_1.0.0/shared/Drivers/STM32F0xx_StdPeriph_Driver/src/stm32f0xx_rcc.o
 .debug_ranges  0x00000000000003a8      0x100 ./SDK_ROBI_STM32F0_1.0.0/shared/Drivers/STM32F0xx_StdPeriph_Driver/src/stm32f0xx_spi.o
 .debug_ranges  0x00000000000004a8       0x58 ./SDK_ROBI_STM32F0_1.0.0/shared/Drivers/STM32F0xx_StdPeriph_Driver/src/stm32f0xx_syscfg.o
 .debug_ranges  0x0000000000000500      0x2f0 ./SDK_ROBI_STM32F0_1.0.0/shared/Drivers/STM32F0xx_StdPeriph_Driver/src/stm32f0xx_tim.o