D:/Lumi/ROBI_BEVA/ROBI_BEVA_STM32_18_09_2023/SDK_ROBI_STM32F0_1.0.0/shared/Drivers/CMSIS/Include/core_cm0.h:582:22:NVIC_SetPriority	24	static
D:/Lumi/ROBI_BEVA/ROBI_BEVA_STM32_18_09_2023/SDK_ROBI_STM32F0_1.0.0/shared/Drivers/CMSIS/Include/core_cm0.h:656:26:SysTick_Config	16	static
D:/Lumi/ROBI_BEVA/ROBI_BEVA_STM32_18_09_2023/SDK_ROBI_STM32F0_1.0.0/shared/Middle/rtos/timer.c:70:1:TimerInit	48	static
D:/Lumi/ROBI_BEVA/ROBI_BEVA_STM32_18_09_2023/SDK_ROBI_STM32F0_1.0.0/shared/Middle/rtos/timer.c:91:1:TimerStart	40	static
D:/Lumi/ROBI_BEVA/ROBI_BEVA_STM32_18_09_2023/SDK_ROBI_STM32F0_1.0.0/shared/Middle/rtos/timer.c:136:1:TimerChangePeriod	16	static
D:/Lumi/ROBI_BEVA/ROBI_BEVA_STM32_18_09_2023/SDK_ROBI_STM32F0_1.0.0/shared/Middle/rtos/timer.c:152:1:TimerRestart	24	static
D:/Lumi/ROBI_BEVA/ROBI_BEVA_STM32_18_09_2023/SDK_ROBI_STM32F0_1.0.0/shared/Middle/rtos/timer.c:182:1:TimerStop	16	static
D:/Lumi/ROBI_BEVA/ROBI_BEVA_STM32_18_09_2023/SDK_ROBI_STM32F0_1.0.0/shared/Middle/rtos/timer.c:213:1:GetMilSecTick	8	static
D:/Lumi/ROBI_BEVA/ROBI_BEVA_STM32_18_09_2023/SDK_ROBI_STM32F0_1.0.0/shared/Middle/rtos/timer.c:224:1:processTimerScheduler	32	static
D:/Lumi/ROBI_BEVA/ROBI_BEVA_STM32_18_09_2023/SDK_ROBI_STM32F0_1.0.0/shared/Middle/rtos/timer.c:268:1:TimeExpired	24	static,ignoring_inline_asm
D:/Lumi/ROBI_BEVA/ROBI_BEVA_STM32_18_09_2023/SDK_ROBI_STM32F0_1.0.0/shared/Middle/rtos/timer.c:312:1:SysTick_Handler	8	static
